[0;31m--------------------------------------------[0m
51:42:12 15 02 2021
   
		[0;32m Load average:[0m
0.00 0.00 0.00 14/299 777961
   
		[0;32m Memory:[0m
              total        used        free      shared  buff/cache   available
Mem:        4030600      326448     1060820        3708     2643332     3433188
Swap:       4030460           0     4030460
   
		[0;32m Free disk space: [0m
/dev/mapper/ubuntu--vg-ubuntu--lv 81G
[0;31m--------------------------------------------[0m
31:43:12 15 02 2021
   
		[0;32m Load average:[0m
0.00 0.00 0.00 15/300 778037
   
		[0;32m Memory:[0m
              total        used        free      shared  buff/cache   available
Mem:        4030600      325928     1061292        3708     2643380     3433744
Swap:       4030460           0     4030460
   
		[0;32m Free disk space: [0m
/dev/mapper/ubuntu--vg-ubuntu--lv 81G
[0;31m--------------------------------------------[0m
09:44:12 15 02 2021
   
		[0;32m Load average:[0m
0.00 0.00 0.00 14/298 778109
   
		[0;32m Memory:[0m
              total        used        free      shared  buff/cache   available
Mem:        4030600      326968     1060220        3708     2643412     3432684
Swap:       4030460           0     4030460
   
		[0;32m Free disk space: [0m
/dev/mapper/ubuntu--vg-ubuntu--lv 81G
[0;31m--------------------------------------------[0m
42:44:12 15 02 2021
   
		[0;32m Load average:[0m
0.00 0.00 0.00 12/298 778168
   
		[0;32m Memory:[0m
              total        used        free      shared  buff/cache   available
Mem:        4030600      325628     1061520        3708     2643452     3434012
Swap:       4030460           0     4030460
   
		[0;32m Free disk space: [0m
/dev/mapper/ubuntu--vg-ubuntu--lv 81G
[0;31m--------------------------------------------[0m
12:45:12 15 02 2021
   
		[0;32m Load average:[0m
0.00 0.00 0.00 15/300 778235
   
		[0;32m Memory:[0m
              total        used        free      shared  buff/cache   available
Mem:        4030600      326776     1060196        3708     2643628     3432848
Swap:       4030460           0     4030460
   
		[0;32m Free disk space: [0m
/dev/mapper/ubuntu--vg-ubuntu--lv 81G
[0;31m--------------------------------------------[0m
45:45:12 15 02 2021
   
		[0;32m Load average:[0m
0.00 0.00 0.00 9/294 778291
   
		[0;32m Memory:[0m
              total        used        free      shared  buff/cache   available
Mem:        4030600      326440     1060472        3708     2643688     3433156
Swap:       4030460           0     4030460
   
		[0;32m Free disk space: [0m
/dev/mapper/ubuntu--vg-ubuntu--lv 81G
[0;31m--------------------------------------------[0m
17:46:12 15 02 2021
   
		[0;32m Load average:[0m
0.00 0.00 0.00 13/299 778352
   
		[0;32m Memory:[0m
              total        used        free      shared  buff/cache   available
Mem:        4030600      327240     1059620        3708     2643740     3432340
Swap:       4030460           0     4030460
   
		[0;32m Free disk space: [0m
/dev/mapper/ubuntu--vg-ubuntu--lv 81G
[0;31m--------------------------------------------[0m
52:46:12 15 02 2021
   
		[0;32m Load average:[0m
0.00 0.00 0.00 12/297 778420
   
		[0;32m Memory:[0m
              total        used        free      shared  buff/cache   available
Mem:        4030600      326920     1059880        3708     2643800     3432644
Swap:       4030460           0     4030460
   
		[0;32m Free disk space: [0m
/dev/mapper/ubuntu--vg-ubuntu--lv 81G
[0;31m--------------------------------------------[0m
32:47:12 15 02 2021
   
		[0;32m Load average:[0m
0.00 0.00 0.00 16/298 778491
   
		[0;32m Memory:[0m
              total        used        free      shared  buff/cache   available
Mem:        4030600      327048     1059572        3708     2643980     3432488
Swap:       4030460           0     4030460
   
		[0;32m Free disk space: [0m
/dev/mapper/ubuntu--vg-ubuntu--lv 81G
[0;31m--------------------------------------------[0m
09:48:12 15 02 2021
   
		[0;32m Load average:[0m
0.00 0.00 0.00 14/299 778564
   
		[0;32m Memory:[0m
              total        used        free      shared  buff/cache   available
Mem:        4030600      326468     1060076        3708     2644056     3433036
Swap:       4030460           0     4030460
   
		[0;32m Free disk space: [0m
/dev/mapper/ubuntu--vg-ubuntu--lv 81G
[0;31m--------------------------------------------[0m
42:48:12 15 02 2021
   
		[0;32m Load average:[0m
0.00 0.00 0.00 14/298 778621
   
		[0;32m Memory:[0m
              total        used        free      shared  buff/cache   available
Mem:        4030600      327688     1058792        3708     2644120     3431808
Swap:       4030460           0     4030460
   
		[0;32m Free disk space: [0m
/dev/mapper/ubuntu--vg-ubuntu--lv 81G
[0;31m--------------------------------------------[0m
12:49:12 15 02 2021
   
		[0;32m Load average:[0m
0.00 0.00 0.00 15/299 778676
   
		[0;32m Memory:[0m
              total        used        free      shared  buff/cache   available
Mem:        4030600      326576     1059744        3708     2644280     3432904
Swap:       4030460           0     4030460
   
		[0;32m Free disk space: [0m
/dev/mapper/ubuntu--vg-ubuntu--lv 81G
[0;31m--------------------------------------------[0m
42:49:12 15 02 2021
   
		[0;32m Load average:[0m
0.00 0.00 0.00 21/305 778740
   
		[0;32m Memory:[0m
              total        used        free      shared  buff/cache   available
Mem:        4030600      328332     1057948        3708     2644320     3431144
Swap:       4030460           0     4030460
   
		[0;32m Free disk space: [0m
/dev/mapper/ubuntu--vg-ubuntu--lv 81G
[0;31m--------------------------------------------[0m
12:50:12 15 02 2021
   
		[0;32m Load average:[0m
0.00 0.00 0.00 12/297 778806
   
		[0;32m Memory:[0m
              total        used        free      shared  buff/cache   available
Mem:        4030600      326004     1060240        3708     2644356     3433460
Swap:       4030460           0     4030460
   
		[0;32m Free disk space: [0m
/dev/mapper/ubuntu--vg-ubuntu--lv 81G
[0;31m--------------------------------------------[0m
42:50:12 15 02 2021
   
		[0;32m Load average:[0m
0.00 0.00 0.00 18/306 778874
   
		[0;32m Memory:[0m
              total        used        free      shared  buff/cache   available
Mem:        4030600      329556     1056616        3708     2644428     3429880
Swap:       4030460           0     4030460
   
		[0;32m Free disk space: [0m
/dev/mapper/ubuntu--vg-ubuntu--lv 81G
[0;31m--------------------------------------------[0m
12:51:12 15 02 2021
   
		[0;32m Load average:[0m
0.00 0.00 0.00 16/301 778932
   
		[0;32m Memory:[0m
              total        used        free      shared  buff/cache   available
Mem:        4030600      327380     1058632        3708     2644588     3432032
Swap:       4030460           0     4030460
   
		[0;32m Free disk space: [0m
/dev/mapper/ubuntu--vg-ubuntu--lv 81G
[0;31m--------------------------------------------[0m
42:51:12 15 02 2021
   
		[0;32m Load average:[0m
0.00 0.00 0.00 15/301 778996
   
		[0;32m Memory:[0m
              total        used        free      shared  buff/cache   available
Mem:        4030600      327852     1058136        3708     2644612     3431564
Swap:       4030460           0     4030460
   
		[0;32m Free disk space: [0m
/dev/mapper/ubuntu--vg-ubuntu--lv 81G
[0;31m--------------------------------------------[0m
12:52:12 15 02 2021
   
		[0;32m Load average:[0m
0.00 0.00 0.00 14/300 779058
   
		[0;32m Memory:[0m
              total        used        free      shared  buff/cache   available
Mem:        4030600      326572     1059404        3708     2644624     3432840
Swap:       4030460           0     4030460
   
		[0;32m Free disk space: [0m
/dev/mapper/ubuntu--vg-ubuntu--lv 81G
[0;31m--------------------------------------------[0m
42:52:12 15 02 2021
   
		[0;32m Load average:[0m
0.00 0.00 0.00 12/297 779114
   
		[0;32m Memory:[0m
              total        used        free      shared  buff/cache   available
Mem:        4030600      326816     1059088        3708     2644696     3432576
Swap:       4030460           0     4030460
   
		[0;32m Free disk space: [0m
/dev/mapper/ubuntu--vg-ubuntu--lv 81G
[0;31m--------------------------------------------[0m
12:53:12 15 02 2021
   
		[0;32m Load average:[0m
0.00 0.00 0.00 16/300 779178
   
		[0;32m Memory:[0m
              total        used        free      shared  buff/cache   available
Mem:        4030600      327012     1058844        3708     2644744     3432356
Swap:       4030460           0     4030460
   
		[0;32m Free disk space: [0m
/dev/mapper/ubuntu--vg-ubuntu--lv 81G
[0;31m--------------------------------------------[0m
42:53:12 15 02 2021
   
		[0;32m Load average:[0m
0.00 0.00 0.00 10/294 779232
   
		[0;32m Memory:[0m
              total        used        free      shared  buff/cache   available
Mem:        4030600      325588     1060104        3708     2644908     3433772
Swap:       4030460           0     4030460
   
		[0;32m Free disk space: [0m
/dev/mapper/ubuntu--vg-ubuntu--lv 81G
[0;31m--------------------------------------------[0m
12:54:12 15 02 2021
   
		[0;32m Load average:[0m
0.00 0.00 0.00 14/299 779293
   
		[0;32m Memory:[0m
              total        used        free      shared  buff/cache   available
Mem:        4030600      327100     1058544        3708     2644956     3432240
Swap:       4030460           0     4030460
   
		[0;32m Free disk space: [0m
/dev/mapper/ubuntu--vg-ubuntu--lv 81G
[0;31m--------------------------------------------[0m
42:54:12 15 02 2021
   
		[0;32m Load average:[0m
0.00 0.00 0.00 8/298 779348
   
		[0;32m Memory:[0m
              total        used        free      shared  buff/cache   available
Mem:        4030600      328644     1056960        3708     2644996     3430676
Swap:       4030460           0     4030460
   
		[0;32m Free disk space: [0m
/dev/mapper/ubuntu--vg-ubuntu--lv 81G
[0;31m--------------------------------------------[0m
12:55:12 15 02 2021
   
		[0;32m Load average:[0m
0.00 0.00 0.00 8/293 779410
   
		[0;32m Memory:[0m
              total        used        free      shared  buff/cache   available
Mem:        4030600      325820     1059756        3708     2645024     3433496
Swap:       4030460           0     4030460
   
		[0;32m Free disk space: [0m
/dev/mapper/ubuntu--vg-ubuntu--lv 81G
[0;31m--------------------------------------------[0m
42:55:12 15 02 2021
   
		[0;32m Load average:[0m
0.00 0.00 0.00 18/302 779476
   
		[0;32m Memory:[0m
              total        used        free      shared  buff/cache   available
Mem:        4030600      328316     1057084        3708     2645200     3430984
Swap:       4030460           0     4030460
   
		[0;32m Free disk space: [0m
/dev/mapper/ubuntu--vg-ubuntu--lv 81G
[0;31m--------------------------------------------[0m
12:56:12 15 02 2021
   
		[0;32m Load average:[0m
0.00 0.00 0.00 16/300 779537
   
		[0;32m Memory:[0m
              total        used        free      shared  buff/cache   available
Mem:        4030600      327956     1057408        3708     2645236     3431328
Swap:       4030460           0     4030460
   
		[0;32m Free disk space: [0m
/dev/mapper/ubuntu--vg-ubuntu--lv 81G
[0;31m--------------------------------------------[0m
42:56:12 15 02 2021
   
		[0;32m Load average:[0m
0.00 0.00 0.00 13/299 779600
   
		[0;32m Memory:[0m
              total        used        free      shared  buff/cache   available
Mem:        4030600      327936     1057376        3708     2645288     3431324
Swap:       4030460           0     4030460
   
		[0;32m Free disk space: [0m
/dev/mapper/ubuntu--vg-ubuntu--lv 81G
[0;31m--------------------------------------------[0m
12:57:12 15 02 2021
   
		[0;32m Load average:[0m
0.00 0.00 0.00 15/301 779658
   
		[0;32m Memory:[0m
              total        used        free      shared  buff/cache   available
Mem:        4030600      328676     1056612        3708     2645312     3430576
Swap:       4030460           0     4030460
   
		[0;32m Free disk space: [0m
/dev/mapper/ubuntu--vg-ubuntu--lv 81G
[0;31m--------------------------------------------[0m
42:57:12 15 02 2021
   
		[0;32m Load average:[0m
0.00 0.00 0.00 12/299 779716
   
		[0;32m Memory:[0m
              total        used        free      shared  buff/cache   available
Mem:        4030600      326488     1058604        3708     2645508     3432728
Swap:       4030460           0     4030460
   
		[0;32m Free disk space: [0m
/dev/mapper/ubuntu--vg-ubuntu--lv 81G
[0;31m--------------------------------------------[0m
12:58:12 15 02 2021
   
		[0;32m Load average:[0m
0.00 0.00 0.00 13/300 779778
   
		[0;32m Memory:[0m
              total        used        free      shared  buff/cache   available
Mem:        4030600      326484     1058548        3708     2645568     3432712
Swap:       4030460           0     4030460
   
		[0;32m Free disk space: [0m
/dev/mapper/ubuntu--vg-ubuntu--lv 81G
[0;31m--------------------------------------------[0m
42:58:12 15 02 2021
   
		[0;32m Load average:[0m
0.00 0.00 0.00 14/301 779842
   
		[0;32m Memory:[0m
              total        used        free      shared  buff/cache   available
Mem:        4030600      328988     1055988        3708     2645624     3430184
Swap:       4030460           0     4030460
   
		[0;32m Free disk space: [0m
/dev/mapper/ubuntu--vg-ubuntu--lv 81G
[0;31m--------------------------------------------[0m
12:59:12 15 02 2021
   
		[0;32m Load average:[0m
0.00 0.00 0.00 15/301 779902
   
		[0;32m Memory:[0m
              total        used        free      shared  buff/cache   available
Mem:        4030600      326420     1058524        3708     2645656     3432748
Swap:       4030460           0     4030460
   
		[0;32m Free disk space: [0m
/dev/mapper/ubuntu--vg-ubuntu--lv 81G
[0;31m--------------------------------------------[0m
42:59:12 15 02 2021
   
		[0;32m Load average:[0m
0.00 0.00 0.00 14/300 779960
   
		[0;32m Memory:[0m
              total        used        free      shared  buff/cache   available
Mem:        4030600      326248     1058508        3708     2645844     3432904
Swap:       4030460           0     4030460
   
		[0;32m Free disk space: [0m
/dev/mapper/ubuntu--vg-ubuntu--lv 81G
[0;31m--------------------------------------------[0m
12:00:13 15 02 2021
   
		[0;32m Load average:[0m
0.06 0.01 0.00 14/302 780034
   
		[0;32m Memory:[0m
              total        used        free      shared  buff/cache   available
Mem:        4030600      326996     1057720        3708     2645884     3432152
Swap:       4030460           0     4030460
   
		[0;32m Free disk space: [0m
/dev/mapper/ubuntu--vg-ubuntu--lv 81G
[0;31m--------------------------------------------[0m
42:00:13 15 02 2021
   
		[0;32m Load average:[0m
0.03 0.01 0.00 10/296 780093
   
		[0;32m Memory:[0m
              total        used        free      shared  buff/cache   available
Mem:        4030600      326736     1057940        3708     2645924     3432400
Swap:       4030460           0     4030460
   
		[0;32m Free disk space: [0m
/dev/mapper/ubuntu--vg-ubuntu--lv 81G
[0;31m--------------------------------------------[0m
17:01:13 15 02 2021
   
		[0;32m Load average:[0m
0.02 0.01 0.00 19/302 780162
   
		[0;32m Memory:[0m
              total        used        free      shared  buff/cache   available
Mem:        4030600      328020     1056624        3708     2645956     3431100
Swap:       4030460           0     4030460
   
		[0;32m Free disk space: [0m
/dev/mapper/ubuntu--vg-ubuntu--lv 81G
[0;31m--------------------------------------------[0m
52:01:13 15 02 2021
   
		[0;32m Load average:[0m
0.01 0.00 0.00 14/299 780229
   
		[0;32m Memory:[0m
              total        used        free      shared  buff/cache   available
Mem:        4030600      327216     1057136        3708     2646248     3431836
Swap:       4030460           0     4030460
   
		[0;32m Free disk space: [0m
/dev/mapper/ubuntu--vg-ubuntu--lv 81G
[0;31m--------------------------------------------[0m
22:02:13 15 02 2021
   
		[0;32m Load average:[0m
0.00 0.00 0.00 14/299 780293
   
		[0;32m Memory:[0m
              total        used        free      shared  buff/cache   available
Mem:        4030600      326984     1057316        3708     2646300     3432096
Swap:       4030460           0     4030460
   
		[0;32m Free disk space: [0m
/dev/mapper/ubuntu--vg-ubuntu--lv 81G
[0;31m--------------------------------------------[0m
52:02:13 15 02 2021
   
		[0;32m Load average:[0m
0.00 0.00 0.00 13/300 780357
   
		[0;32m Memory:[0m
              total        used        free      shared  buff/cache   available
Mem:        4030600      327444     1056812        3708     2646344     3431620
Swap:       4030460           0     4030460
   
		[0;32m Free disk space: [0m
/dev/mapper/ubuntu--vg-ubuntu--lv 81G
[0;31m--------------------------------------------[0m
32:03:13 15 02 2021
   
		[0;32m Load average:[0m
0.00 0.00 0.00 16/297 780421
   
		[0;32m Memory:[0m
              total        used        free      shared  buff/cache   available
Mem:        4030600      325700     1058512        3708     2646388     3433344
Swap:       4030460           0     4030460
   
		[0;32m Free disk space: [0m
/dev/mapper/ubuntu--vg-ubuntu--lv 81G
[0;31m--------------------------------------------[0m
02:04:13 15 02 2021
   
		[0;32m Load average:[0m
0.00 0.00 0.00 13/296 780476
   
		[0;32m Memory:[0m
              total        used        free      shared  buff/cache   available
Mem:        4030600      325764     1058260        3708     2646576     3433260
Swap:       4030460           0     4030460
   
		[0;32m Free disk space: [0m
/dev/mapper/ubuntu--vg-ubuntu--lv 81G
[0;31m--------------------------------------------[0m
32:04:13 15 02 2021
   
		[0;32m Load average:[0m
0.00 0.00 0.00 15/300 780542
   
		[0;32m Memory:[0m
              total        used        free      shared  buff/cache   available
Mem:        4030600      326776     1057196        3708     2646628     3432224
Swap:       4030460           0     4030460
   
		[0;32m Free disk space: [0m
/dev/mapper/ubuntu--vg-ubuntu--lv 81G
[0;31m--------------------------------------------[0m
02:05:13 15 02 2021
   
		[0;32m Load average:[0m
0.00 0.00 0.00 17/303 780618
   
		[0;32m Memory:[0m
              total        used        free      shared  buff/cache   available
Mem:        4030600      328044     1055904        3708     2646652     3430952
Swap:       4030460           0     4030460
   
		[0;32m Free disk space: [0m
/dev/mapper/ubuntu--vg-ubuntu--lv 81G
[0;31m--------------------------------------------[0m
32:05:13 15 02 2021
   
		[0;32m Load average:[0m
0.00 0.00 0.00 10/294 780670
   
		[0;32m Memory:[0m
              total        used        free      shared  buff/cache   available
Mem:        4030600      326716     1057244        3708     2646640     3432288
Swap:       4030460           0     4030460
   
		[0;32m Free disk space: [0m
/dev/mapper/ubuntu--vg-ubuntu--lv 81G
[0;31m--------------------------------------------[0m
02:06:13 15 02 2021
   
		[0;32m Load average:[0m
0.00 0.00 0.00 11/297 780728
   
		[0;32m Memory:[0m
              total        used        free      shared  buff/cache   available
Mem:        4030600      326880     1056912        3708     2646808     3432112
Swap:       4030460           0     4030460
   
		[0;32m Free disk space: [0m
/dev/mapper/ubuntu--vg-ubuntu--lv 81G
[0;31m--------------------------------------------[0m
42:06:13 15 02 2021
   
		[0;32m Load average:[0m
0.00 0.00 0.00 21/304 780804
   
		[0;32m Memory:[0m
              total        used        free      shared  buff/cache   available
Mem:        4030600      328152     1055588        3708     2646860     3430820
Swap:       4030460           0     4030460
   
		[0;32m Free disk space: [0m
/dev/mapper/ubuntu--vg-ubuntu--lv 81G
[0;31m--------------------------------------------[0m
12:07:13 15 02 2021
   
		[0;32m Load average:[0m
0.00 0.00 0.00 6/290 780886
   
		[0;32m Memory:[0m
              total        used        free      shared  buff/cache   available
Mem:        4030600      326100     1057596        3708     2646904     3432860
Swap:       4030460           0     4030460
   
		[0;32m Free disk space: [0m
/dev/mapper/ubuntu--vg-ubuntu--lv 81G
[0;31m--------------------------------------------[0m
42:07:13 15 02 2021
   
		[0;32m Load average:[0m
0.00 0.00 0.00 21/300 780950
   
		[0;32m Memory:[0m
              total        used        free      shared  buff/cache   available
Mem:        4030600      326608     1057036        3708     2646956     3432328
Swap:       4030460           0     4030460
   
		[0;32m Free disk space: [0m
/dev/mapper/ubuntu--vg-ubuntu--lv 81G
[0;31m--------------------------------------------[0m
12:08:13 15 02 2021
   
		[0;32m Load average:[0m
0.00 0.00 0.00 15/299 781023
   
		[0;32m Memory:[0m
              total        used        free      shared  buff/cache   available
Mem:        4030600      327028     1056452        3708     2647120     3431892
Swap:       4030460           0     4030460
   
		[0;32m Free disk space: [0m
/dev/mapper/ubuntu--vg-ubuntu--lv 81G
[0;31m--------------------------------------------[0m
42:08:13 15 02 2021
   
		[0;32m Load average:[0m
0.00 0.00 0.00 15/300 781083
   
		[0;32m Memory:[0m
              total        used        free      shared  buff/cache   available
Mem:        4030600      327516     1055916        3708     2647168     3431388
Swap:       4030460           0     4030460
   
		[0;32m Free disk space: [0m
/dev/mapper/ubuntu--vg-ubuntu--lv 81G
[0;31m--------------------------------------------[0m
12:09:13 15 02 2021
   
		[0;32m Load average:[0m
0.00 0.00 0.00 8/293 781222
   
		[0;32m Memory:[0m
              total        used        free      shared  buff/cache   available
Mem:        4030600      328132     1055200        3708     2647268     3430732
Swap:       4030460           0     4030460
   
		[0;32m Free disk space: [0m
/dev/mapper/ubuntu--vg-ubuntu--lv 81G
[0;31m--------------------------------------------[0m
42:09:13 15 02 2021
   
		[0;32m Load average:[0m
0.00 0.00 0.00 9/297 781301
   
		[0;32m Memory:[0m
              total        used        free      shared  buff/cache   available
Mem:        4030600      331800     1051512        3708     2647288     3427068
Swap:       4030460           0     4030460
   
		[0;32m Free disk space: [0m
/dev/mapper/ubuntu--vg-ubuntu--lv 81G
[0;31m--------------------------------------------[0m
12:10:13 15 02 2021
   
		[0;32m Load average:[0m
0.00 0.00 0.00 16/301 781388
   
		[0;32m Memory:[0m
              total        used        free      shared  buff/cache   available
Mem:        4030600      327548     1055576        3708     2647476     3431296
Swap:       4030460           0     4030460
   
		[0;32m Free disk space: [0m
/dev/mapper/ubuntu--vg-ubuntu--lv 81G
[0;31m--------------------------------------------[0m
42:10:13 15 02 2021
   
		[0;32m Load average:[0m
0.00 0.00 0.00 15/300 781443
   
		[0;32m Memory:[0m
              total        used        free      shared  buff/cache   available
Mem:        4030600      327796     1055284        3708     2647520     3431032
Swap:       4030460           0     4030460
   
		[0;32m Free disk space: [0m
/dev/mapper/ubuntu--vg-ubuntu--lv 81G
[0;31m--------------------------------------------[0m
12:11:13 15 02 2021
   
		[0;32m Load average:[0m
0.00 0.00 0.00 19/301 781503
   
		[0;32m Memory:[0m
              total        used        free      shared  buff/cache   available
Mem:        4030600      327044     1056008        3708     2647548     3431776
Swap:       4030460           0     4030460
   
		[0;32m Free disk space: [0m
/dev/mapper/ubuntu--vg-ubuntu--lv 81G
[0;31m--------------------------------------------[0m
42:11:13 15 02 2021
   
		[0;32m Load average:[0m
0.00 0.00 0.00 15/301 781564
   
		[0;32m Memory:[0m
              total        used        free      shared  buff/cache   available
Mem:        4030600      328596     1054416        3708     2647588     3430208
Swap:       4030460           0     4030460
   
		[0;32m Free disk space: [0m
/dev/mapper/ubuntu--vg-ubuntu--lv 81G
[0;31m--------------------------------------------[0m
12:12:13 15 02 2021
   
		[0;32m Load average:[0m
0.00 0.00 0.00 12/298 781624
   
		[0;32m Memory:[0m
              total        used        free      shared  buff/cache   available
Mem:        4030600      326828     1055976        3708     2647796     3431932
Swap:       4030460           0     4030460
   
		[0;32m Free disk space: [0m
/dev/mapper/ubuntu--vg-ubuntu--lv 81G
[0;31m--------------------------------------------[0m
42:12:13 15 02 2021
   
		[0;32m Load average:[0m
0.00 0.00 0.00 8/293 781679
   
		[0;32m Memory:[0m
              total        used        free      shared  buff/cache   available
Mem:        4030600      325344     1045888        3708     2659368     3433404
Swap:       4030460           0     4030460
   
		[0;32m Free disk space: [0m
/dev/mapper/ubuntu--vg-ubuntu--lv 81G
[0;31m--------------------------------------------[0m
12:13:13 15 02 2021
   
		[0;32m Load average:[0m
0.00 0.00 0.00 20/304 781747
   
		[0;32m Memory:[0m
              total        used        free      shared  buff/cache   available
Mem:        4030600      327664     1043532        3708     2659404     3431064
Swap:       4030460           0     4030460
   
		[0;32m Free disk space: [0m
/dev/mapper/ubuntu--vg-ubuntu--lv 81G
[0;31m--------------------------------------------[0m
42:13:13 15 02 2021
   
		[0;32m Load average:[0m
0.00 0.00 0.00 15/299 781806
   
		[0;32m Memory:[0m
              total        used        free      shared  buff/cache   available
Mem:        4030600      326916     1044248        3708     2659436     3431804
Swap:       4030460           0     4030460
   
		[0;32m Free disk space: [0m
/dev/mapper/ubuntu--vg-ubuntu--lv 81G
[0;31m--------------------------------------------[0m
12:14:13 15 02 2021
   
		[0;32m Load average:[0m
0.00 0.00 0.00 15/301 781865
   
		[0;32m Memory:[0m
              total        used        free      shared  buff/cache   available
Mem:        4030600      327504     1043468        3708     2659628     3431188
Swap:       4030460           0     4030460
   
		[0;32m Free disk space: [0m
/dev/mapper/ubuntu--vg-ubuntu--lv 81G
[0;31m--------------------------------------------[0m
42:14:13 15 02 2021
   
		[0;32m Load average:[0m
0.00 0.00 0.00 13/300 781927
   
		[0;32m Memory:[0m
              total        used        free      shared  buff/cache   available
Mem:        4030600      328752     1042168        3708     2659680     3429928
Swap:       4030460           0     4030460
   
		[0;32m Free disk space: [0m
/dev/mapper/ubuntu--vg-ubuntu--lv 81G
[0;31m--------------------------------------------[0m
12:15:13 15 02 2021
   
		[0;32m Load average:[0m
0.00 0.00 0.00 16/298 782000
   
		[0;32m Memory:[0m
              total        used        free      shared  buff/cache   available
Mem:        4030600      328692     1042192        3708     2659716     3429972
Swap:       4030460           0     4030460
   
		[0;32m Free disk space: [0m
/dev/mapper/ubuntu--vg-ubuntu--lv 81G
[0;31m--------------------------------------------[0m
42:15:13 15 02 2021
   
		[0;32m Load average:[0m
0.00 0.00 0.00 10/296 782059
   
		[0;32m Memory:[0m
              total        used        free      shared  buff/cache   available
Mem:        4030600      327668     1043136        3708     2659796     3430948
Swap:       4030460           0     4030460
   
		[0;32m Free disk space: [0m
/dev/mapper/ubuntu--vg-ubuntu--lv 81G
[0;31m--------------------------------------------[0m
12:16:13 15 02 2021
   
		[0;32m Load average:[0m
0.00 0.00 0.00 15/300 782125
   
		[0;32m Memory:[0m
              total        used        free      shared  buff/cache   available
Mem:        4030600      327744     1042860        3708     2659996     3430856
Swap:       4030460           0     4030460
   
		[0;32m Free disk space: [0m
/dev/mapper/ubuntu--vg-ubuntu--lv 81G
[0;31m--------------------------------------------[0m
42:16:13 15 02 2021
   
		[0;32m Load average:[0m
0.00 0.00 0.00 19/304 782192
   
		[0;32m Memory:[0m
              total        used        free      shared  buff/cache   available
Mem:        4030600      332408     1038100        3708     2660092     3426196
Swap:       4030460           0     4030460
   
		[0;32m Free disk space: [0m
/dev/mapper/ubuntu--vg-ubuntu--lv 81G
[0;31m--------------------------------------------[0m
12:17:13 15 02 2021
   
		[0;32m Load average:[0m
0.00 0.00 0.00 16/302 782256
   
		[0;32m Memory:[0m
              total        used        free      shared  buff/cache   available
Mem:        4030600      334360     1036060        3708     2660180     3424216
Swap:       4030460           0     4030460
   
		[0;32m Free disk space: [0m
/dev/mapper/ubuntu--vg-ubuntu--lv 81G
[0;31m--------------------------------------------[0m
42:17:13 15 02 2021
   
		[0;32m Load average:[0m
0.00 0.00 0.00 14/300 782318
   
		[0;32m Memory:[0m
              total        used        free      shared  buff/cache   available
Mem:        4030600      333068     1037296        3708     2660236     3425500
Swap:       4030460           0     4030460
   
		[0;32m Free disk space: [0m
/dev/mapper/ubuntu--vg-ubuntu--lv 81G
[0;31m--------------------------------------------[0m
22:18:13 15 02 2021
   
		[0;32m Load average:[0m
0.00 0.00 0.00 16/302 782388
   
		[0;32m Memory:[0m
              total        used        free      shared  buff/cache   available
Mem:        4030600      333020     1037168        3708     2660412     3425524
Swap:       4030460           0     4030460
   
		[0;32m Free disk space: [0m
/dev/mapper/ubuntu--vg-ubuntu--lv 81G
[0;31m--------------------------------------------[0m
52:18:13 15 02 2021
   
		[0;32m Load average:[0m
0.00 0.00 0.00 12/300 782447
   
		[0;32m Memory:[0m
              total        used        free      shared  buff/cache   available
Mem:        4030600      331436     1038704        3708     2660460     3427092
Swap:       4030460           0     4030460
   
		[0;32m Free disk space: [0m
/dev/mapper/ubuntu--vg-ubuntu--lv 81G
[0;31m--------------------------------------------[0m
22:19:13 15 02 2021
   
		[0;32m Load average:[0m
0.00 0.00 0.00 16/303 782507
   
		[0;32m Memory:[0m
              total        used        free      shared  buff/cache   available
Mem:        4030600      331744     1038348        3708     2660508     3426768
Swap:       4030460           0     4030460
   
		[0;32m Free disk space: [0m
/dev/mapper/ubuntu--vg-ubuntu--lv 81G
[0;31m--------------------------------------------[0m
58:19:13 15 02 2021
   
		[0;32m Load average:[0m
0.00 0.00 0.00 13/303 782578
   
		[0;32m Memory:[0m
              total        used        free      shared  buff/cache   available
Mem:        4030600      332724     1037316        3708     2660560     3425776
Swap:       4030460           0     4030460
   
		[0;32m Free disk space: [0m
/dev/mapper/ubuntu--vg-ubuntu--lv 81G
[0;31m--------------------------------------------[0m
32:20:13 15 02 2021
   
		[0;32m Load average:[0m
0.00 0.00 0.00 21/309 782660
   
		[0;32m Memory:[0m
              total        used        free      shared  buff/cache   available
Mem:        4030600      334152     1035692        3708     2660756     3424308
Swap:       4030460           0     4030460
   
		[0;32m Free disk space: [0m
/dev/mapper/ubuntu--vg-ubuntu--lv 81G
[0;31m--------------------------------------------[0m
02:21:13 15 02 2021
   
		[0;32m Load average:[0m
0.00 0.00 0.00 15/300 782714
   
		[0;32m Memory:[0m
              total        used        free      shared  buff/cache   available
Mem:        4030600      331288     1038512        3708     2660800     3427172
Swap:       4030460           0     4030460
   
		[0;32m Free disk space: [0m
/dev/mapper/ubuntu--vg-ubuntu--lv 81G
[0;31m--------------------------------------------[0m
32:21:13 15 02 2021
   
		[0;32m Load average:[0m
0.00 0.00 0.00 13/302 782774
   
		[0;32m Memory:[0m
              total        used        free      shared  buff/cache   available
Mem:        4030600      332540     1037188        3708     2660872     3425896
Swap:       4030460           0     4030460
   
		[0;32m Free disk space: [0m
/dev/mapper/ubuntu--vg-ubuntu--lv 81G
[0;31m--------------------------------------------[0m
02:22:13 15 02 2021
   
		[0;32m Load average:[0m
0.00 0.00 0.00 16/303 782835
   
		[0;32m Memory:[0m
              total        used        free      shared  buff/cache   available
Mem:        4030600      332576     1037100        3708     2660924     3425840
Swap:       4030460           0     4030460
   
		[0;32m Free disk space: [0m
/dev/mapper/ubuntu--vg-ubuntu--lv 81G
[0;31m--------------------------------------------[0m
32:22:13 15 02 2021
   
		[0;32m Load average:[0m
0.00 0.00 0.00 16/302 782898
   
		[0;32m Memory:[0m
              total        used        free      shared  buff/cache   available
Mem:        4030600      327060     1042456        3708     2661084     3431360
Swap:       4030460           0     4030460
   
		[0;32m Free disk space: [0m
/dev/mapper/ubuntu--vg-ubuntu--lv 81G
[0;31m--------------------------------------------[0m
02:23:13 15 02 2021
   
		[0;32m Load average:[0m
0.00 0.00 0.00 17/303 782962
   
		[0;32m Memory:[0m
              total        used        free      shared  buff/cache   available
Mem:        4030600      331128     1038320        3708     2661152     3427268
Swap:       4030460           0     4030460
   
		[0;32m Free disk space: [0m
/dev/mapper/ubuntu--vg-ubuntu--lv 81G
[0;31m--------------------------------------------[0m
32:23:13 15 02 2021
   
		[0;32m Load average:[0m
0.00 0.00 0.00 6/292 783015
   
		[0;32m Memory:[0m
              total        used        free      shared  buff/cache   available
Mem:        4030600      330136     1039208        3708     2661256     3428212
Swap:       4030460           0     4030460
   
		[0;32m Free disk space: [0m
/dev/mapper/ubuntu--vg-ubuntu--lv 81G
[0;31m--------------------------------------------[0m
02:24:13 15 02 2021
   
		[0;32m Load average:[0m
0.00 0.00 0.00 18/303 783090
   
		[0;32m Memory:[0m
              total        used        free      shared  buff/cache   available
Mem:        4030600      333280     1036024        3708     2661296     3425068
Swap:       4030460           0     4030460
   
		[0;32m Free disk space: [0m
/dev/mapper/ubuntu--vg-ubuntu--lv 81G
[0;31m--------------------------------------------[0m
32:24:13 15 02 2021
   
		[0;32m Load average:[0m
0.00 0.00 0.00 11/294 783145
   
		[0;32m Memory:[0m
              total        used        free      shared  buff/cache   available
Mem:        4030600      330020     1039120        3708     2661460     3428304
Swap:       4030460           0     4030460
   
		[0;32m Free disk space: [0m
/dev/mapper/ubuntu--vg-ubuntu--lv 81G
[0;31m--------------------------------------------[0m
09:25:13 15 02 2021
   
		[0;32m Load average:[0m
0.00 0.00 0.00 22/307 783236
   
		[0;32m Memory:[0m
              total        used        free      shared  buff/cache   available
Mem:        4030600      333500     1035580        3708     2661520     3424824
Swap:       4030460           0     4030460
   
		[0;32m Free disk space: [0m
/dev/mapper/ubuntu--vg-ubuntu--lv 81G
[0;31m--------------------------------------------[0m
42:25:13 15 02 2021
   
		[0;32m Load average:[0m
0.00 0.00 0.00 15/303 783298
   
		[0;32m Memory:[0m
              total        used        free      shared  buff/cache   available
Mem:        4030600      329532     1039448        3708     2661620     3428740
Swap:       4030460           0     4030460
   
		[0;32m Free disk space: [0m
/dev/mapper/ubuntu--vg-ubuntu--lv 81G
[0;31m--------------------------------------------[0m
12:26:13 15 02 2021
   
		[0;32m Load average:[0m
0.00 0.00 0.00 13/301 783358
   
		[0;32m Memory:[0m
              total        used        free      shared  buff/cache   available
Mem:        4030600      332268     1036588        3708     2661744     3425968
Swap:       4030460           0     4030460
   
		[0;32m Free disk space: [0m
/dev/mapper/ubuntu--vg-ubuntu--lv 81G
[0;31m--------------------------------------------[0m
42:26:13 15 02 2021
   
		[0;32m Load average:[0m
0.00 0.00 0.00 16/303 783420
   
		[0;32m Memory:[0m
              total        used        free      shared  buff/cache   available
Mem:        4030600      332300     1036336        3708     2661964     3425940
Swap:       4030460           0     4030460
   
		[0;32m Free disk space: [0m
/dev/mapper/ubuntu--vg-ubuntu--lv 81G
[0;31m--------------------------------------------[0m
12:27:13 15 02 2021
   
		[0;32m Load average:[0m
0.00 0.00 0.00 16/303 783478
   
		[0;32m Memory:[0m
              total        used        free      shared  buff/cache   available
Mem:        4030600      333364     1035240        3708     2661996     3424880
Swap:       4030460           0     4030460
   
		[0;32m Free disk space: [0m
/dev/mapper/ubuntu--vg-ubuntu--lv 81G
[0;31m--------------------------------------------[0m
42:27:13 15 02 2021
   
		[0;32m Load average:[0m
0.00 0.00 0.00 12/300 783538
   
		[0;32m Memory:[0m
              total        used        free      shared  buff/cache   available
Mem:        4030600      332012     1036532        3708     2662056     3426208
Swap:       4030460           0     4030460
   
		[0;32m Free disk space: [0m
/dev/mapper/ubuntu--vg-ubuntu--lv 81G
[0;31m--------------------------------------------[0m
12:28:13 15 02 2021
   
		[0;32m Load average:[0m
0.00 0.00 0.00 16/303 783600
   
		[0;32m Memory:[0m
              total        used        free      shared  buff/cache   available
Mem:        4030600      331736     1036752        3708     2662112     3426456
Swap:       4030460           0     4030460
   
		[0;32m Free disk space: [0m
/dev/mapper/ubuntu--vg-ubuntu--lv 81G
[0;31m--------------------------------------------[0m
42:28:13 15 02 2021
   
		[0;32m Load average:[0m
0.00 0.00 0.00 10/298 783656
   
		[0;32m Memory:[0m
              total        used        free      shared  buff/cache   available
Mem:        4030600      331612     1036760        3708     2662228     3426600
Swap:       4030460           0     4030460
   
		[0;32m Free disk space: [0m
/dev/mapper/ubuntu--vg-ubuntu--lv 81G
[0;31m--------------------------------------------[0m
12:29:13 15 02 2021
   
		[0;32m Load average:[0m
0.00 0.00 0.00 15/303 783718
   
		[0;32m Memory:[0m
              total        used        free      shared  buff/cache   available
Mem:        4030600      333420     1034916        3708     2662264     3424772
Swap:       4030460           0     4030460
   
		[0;32m Free disk space: [0m
/dev/mapper/ubuntu--vg-ubuntu--lv 81G
[0;31m--------------------------------------------[0m
42:29:13 15 02 2021
   
		[0;32m Load average:[0m
0.00 0.00 0.00 20/307 783779
   
		[0;32m Memory:[0m
              total        used        free      shared  buff/cache   available
Mem:        4030600      333668     1034600        3712     2662332     3424496
Swap:       4030460           0     4030460
   
		[0;32m Free disk space: [0m
/dev/mapper/ubuntu--vg-ubuntu--lv 81G
[0;31m--------------------------------------------[0m
12:30:13 15 02 2021
   
		[0;32m Load average:[0m
0.00 0.00 0.00 12/301 783845
   
		[0;32m Memory:[0m
              total        used        free      shared  buff/cache   available
Mem:        4030600      332052     1036232        3708     2662316     3426132
Swap:       4030460           0     4030460
   
		[0;32m Free disk space: [0m
/dev/mapper/ubuntu--vg-ubuntu--lv 81G
[0;31m--------------------------------------------[0m
42:30:13 15 02 2021
   
		[0;32m Load average:[0m
0.00 0.00 0.00 13/300 783908
   
		[0;32m Memory:[0m
              total        used        free      shared  buff/cache   available
Mem:        4030600      331872     1036224        3708     2662504     3426272
Swap:       4030460           0     4030460
   
		[0;32m Free disk space: [0m
/dev/mapper/ubuntu--vg-ubuntu--lv 81G
[0;31m--------------------------------------------[0m
12:31:13 15 02 2021
   
		[0;32m Load average:[0m
0.06 0.01 0.00 17/302 783972
   
		[0;32m Memory:[0m
              total        used        free      shared  buff/cache   available
Mem:        4030600      332248     1035796        3708     2662556     3425892
Swap:       4030460           0     4030460
   
		[0;32m Free disk space: [0m
/dev/mapper/ubuntu--vg-ubuntu--lv 81G
[0;31m--------------------------------------------[0m
42:31:13 15 02 2021
   
		[0;32m Load average:[0m
0.03 0.01 0.00 11/295 784026
   
		[0;32m Memory:[0m
              total        used        free      shared  buff/cache   available
Mem:        4030600      331364     1036600        3708     2662636     3426752
Swap:       4030460           0     4030460
   
		[0;32m Free disk space: [0m
/dev/mapper/ubuntu--vg-ubuntu--lv 81G
[0;31m--------------------------------------------[0m
12:32:13 15 02 2021
   
		[0;32m Load average:[0m
0.02 0.01 0.00 10/295 784083
   
		[0;32m Memory:[0m
              total        used        free      shared  buff/cache   available
Mem:        4030600      332084     1035828        3708     2662688     3426012
Swap:       4030460           0     4030460
   
		[0;32m Free disk space: [0m
/dev/mapper/ubuntu--vg-ubuntu--lv 81G
[0;31m--------------------------------------------[0m
42:32:13 15 02 2021
   
		[0;32m Load average:[0m
0.01 0.01 0.00 16/299 784144
   
		[0;32m Memory:[0m
              total        used        free      shared  buff/cache   available
Mem:        4030600      331492     1036260        3708     2662848     3426588
Swap:       4030460           0     4030460
   
		[0;32m Free disk space: [0m
/dev/mapper/ubuntu--vg-ubuntu--lv 81G
[0;31m--------------------------------------------[0m
12:33:13 15 02 2021
   
		[0;32m Load average:[0m
0.01 0.00 0.00 17/302 784205
   
		[0;32m Memory:[0m
              total        used        free      shared  buff/cache   available
Mem:        4030600      332576     1035116        3708     2662908     3425480
Swap:       4030460           0     4030460
   
		[0;32m Free disk space: [0m
/dev/mapper/ubuntu--vg-ubuntu--lv 81G
[0;31m--------------------------------------------[0m
42:33:13 15 02 2021
   
		[0;32m Load average:[0m
0.00 0.00 0.00 15/301 784267
   
		[0;32m Memory:[0m
              total        used        free      shared  buff/cache   available
Mem:        4030600      331840     1035792        3708     2662968     3426208
Swap:       4030460           0     4030460
   
		[0;32m Free disk space: [0m
/dev/mapper/ubuntu--vg-ubuntu--lv 81G
[0;31m--------------------------------------------[0m
22:34:13 15 02 2021
   
		[0;32m Load average:[0m
0.80 0.26 0.09 14/299 784339
   
		[0;32m Memory:[0m
              total        used        free      shared  buff/cache   available
Mem:        4030600      332536     1034964        3708     2663100     3425496
Swap:       4030460           0     4030460
   
		[0;32m Free disk space: [0m
/dev/mapper/ubuntu--vg-ubuntu--lv 81G
[0;31m--------------------------------------------[0m
52:34:13 15 02 2021
   
		[0;32m Load average:[0m
0.86 0.35 0.12 18/303 784404
   
		[0;32m Memory:[0m
              total        used        free      shared  buff/cache   available
Mem:        4030600      332980     1034348        3708     2663272     3425028
Swap:       4030460           0     4030460
   
		[0;32m Free disk space: [0m
/dev/mapper/ubuntu--vg-ubuntu--lv 81G
[0;31m--------------------------------------------[0m
22:35:13 15 02 2021
   
		[0;32m Load average:[0m
0.57 0.33 0.12 16/302 784495
   
		[0;32m Memory:[0m
              total        used        free      shared  buff/cache   available
Mem:        4030600      332944     1034364        3708     2663292     3425068
Swap:       4030460           0     4030460
   
		[0;32m Free disk space: [0m
/dev/mapper/ubuntu--vg-ubuntu--lv 81G
[0;31m--------------------------------------------[0m
52:35:13 15 02 2021
   
		[0;32m Load average:[0m
0.40 0.31 0.12 12/300 784558
   
		[0;32m Memory:[0m
              total        used        free      shared  buff/cache   available
Mem:        4030600      332620     1034632        3708     2663348     3425376
Swap:       4030460           0     4030460
   
		[0;32m Free disk space: [0m
/dev/mapper/ubuntu--vg-ubuntu--lv 81G
[0;31m--------------------------------------------[0m
32:36:13 15 02 2021
   
		[0;32m Load average:[0m
0.20 0.27 0.12 9/295 784630
   
		[0;32m Memory:[0m
              total        used        free      shared  buff/cache   available
Mem:        4030600      327300     1039860        3708     2663440     3430664
Swap:       4030460           0     4030460
   
		[0;32m Free disk space: [0m
/dev/mapper/ubuntu--vg-ubuntu--lv 81G
[0;31m--------------------------------------------[0m
02:37:13 15 02 2021
   
		[0;32m Load average:[0m
0.12 0.24 0.11 17/305 784695
   
		[0;32m Memory:[0m
              total        used        free      shared  buff/cache   available
Mem:        4030600      332540     1034416        3708     2663644     3425408
Swap:       4030460           0     4030460
   
		[0;32m Free disk space: [0m
/dev/mapper/ubuntu--vg-ubuntu--lv 81G
[0;31m--------------------------------------------[0m
32:37:13 15 02 2021
   
		[0;32m Load average:[0m
0.07 0.22 0.10 14/304 784756
   
		[0;32m Memory:[0m
              total        used        free      shared  buff/cache   available
Mem:        4030600      333656     1033180        3708     2663764     3424288
Swap:       4030460           0     4030460
   
		[0;32m Free disk space: [0m
/dev/mapper/ubuntu--vg-ubuntu--lv 81G
[0;31m--------------------------------------------[0m
02:38:13 15 02 2021
   
		[0;32m Load average:[0m
0.04 0.20 0.10 13/303 784816
   
		[0;32m Memory:[0m
              total        used        free      shared  buff/cache   available
Mem:        4030600      332708     1033952        3708     2663940     3425212
Swap:       4030460           0     4030460
   
		[0;32m Free disk space: [0m
/dev/mapper/ubuntu--vg-ubuntu--lv 81G
[0;31m--------------------------------------------[0m
32:38:13 15 02 2021
   
		[0;32m Load average:[0m
0.02 0.18 0.09 19/303 784876
   
		[0;32m Memory:[0m
              total        used        free      shared  buff/cache   available
Mem:        4030600      332396     1034156        3708     2664048     3425512
Swap:       4030460           0     4030460
   
		[0;32m Free disk space: [0m
/dev/mapper/ubuntu--vg-ubuntu--lv 81G
[0;31m--------------------------------------------[0m
02:39:13 15 02 2021
   
		[0;32m Load average:[0m
0.01 0.16 0.09 5/292 784930
   
		[0;32m Memory:[0m
              total        used        free      shared  buff/cache   available
Mem:        4030600      329912     1036480        3708     2664208     3427984
Swap:       4030460           0     4030460
   
		[0;32m Free disk space: [0m
/dev/mapper/ubuntu--vg-ubuntu--lv 81G
[0;31m--------------------------------------------[0m
42:39:13 15 02 2021
   
		[0;32m Load average:[0m
0.01 0.14 0.08 13/303 785077
   
		[0;32m Memory:[0m
              total        used        free      shared  buff/cache   available
Mem:        4030600      333408     1032768        3708     2664424     3424416
Swap:       4030460           0     4030460
   
		[0;32m Free disk space: [0m
/dev/mapper/ubuntu--vg-ubuntu--lv 81G
[0;31m--------------------------------------------[0m
12:40:13 15 02 2021
   
		[0;32m Load average:[0m
0.00 0.12 0.08 14/302 785149
   
		[0;32m Memory:[0m
              total        used        free      shared  buff/cache   available
Mem:        4030600      334384     1031768        3708     2664448     3423428
Swap:       4030460           0     4030460
   
		[0;32m Free disk space: [0m
/dev/mapper/ubuntu--vg-ubuntu--lv 81G
[0;31m--------------------------------------------[0m
52:40:13 15 02 2021
   
		[0;32m Load average:[0m
0.00 0.10 0.08 16/303 785225
   
		[0;32m Memory:[0m
              total        used        free      shared  buff/cache   available
Mem:        4030600      333908     1031940        3708     2664752     3423840
Swap:       4030460           0     4030460
   
		[0;32m Free disk space: [0m
/dev/mapper/ubuntu--vg-ubuntu--lv 81G
[0;31m--------------------------------------------[0m
23:41:13 15 02 2021
   
		[0;32m Load average:[0m
0.07 0.11 0.08 15/302 785288
   
		[0;32m Memory:[0m
              total        used        free      shared  buff/cache   available
Mem:        4030600      333592     1032208        3708     2664800     3424180
Swap:       4030460           0     4030460
   
		[0;32m Free disk space: [0m
/dev/mapper/ubuntu--vg-ubuntu--lv 81G
[0;31m--------------------------------------------[0m
02:42:13 15 02 2021
   
		[0;32m Load average:[0m
0.04 0.09 0.08 16/301 785362
   
		[0;32m Memory:[0m
              total        used        free      shared  buff/cache   available
Mem:        4030600      333856     1031924        3708     2664820     3423912
Swap:       4030460           0     4030460
   
		[0;32m Free disk space: [0m
/dev/mapper/ubuntu--vg-ubuntu--lv 81G
[0;31m--------------------------------------------[0m
32:42:13 15 02 2021
   
		[0;32m Load average:[0m
0.02 0.08 0.07 18/303 785427
   
		[0;32m Memory:[0m
              total        used        free      shared  buff/cache   available
Mem:        4030600      333876     1031892        3708     2664832     3423884
Swap:       4030460           0     4030460
   
		[0;32m Free disk space: [0m
/dev/mapper/ubuntu--vg-ubuntu--lv 81G
[0;31m--------------------------------------------[0m
02:43:13 15 02 2021
   
		[0;32m Load average:[0m
0.01 0.08 0.07 16/303 785490
   
		[0;32m Memory:[0m
              total        used        free      shared  buff/cache   available
Mem:        4030600      332736     1032860        3708     2665004     3425000
Swap:       4030460           0     4030460
   
		[0;32m Free disk space: [0m
/dev/mapper/ubuntu--vg-ubuntu--lv 81G
[0;31m--------------------------------------------[0m
32:43:13 15 02 2021
   
		[0;32m Load average:[0m
0.01 0.07 0.07 13/302 785547
   
		[0;32m Memory:[0m
              total        used        free      shared  buff/cache   available
Mem:        4030600      332916     1032624        3708     2665060     3424812
Swap:       4030460           0     4030460
   
		[0;32m Free disk space: [0m
/dev/mapper/ubuntu--vg-ubuntu--lv 81G
[0;31m--------------------------------------------[0m
02:44:13 15 02 2021
   
		[0;32m Load average:[0m
0.00 0.06 0.06 15/302 785610
   
		[0;32m Memory:[0m
              total        used        free      shared  buff/cache   available
Mem:        4030600      332452     1033056        3708     2665092     3425260
Swap:       4030460           0     4030460
   
		[0;32m Free disk space: [0m
/dev/mapper/ubuntu--vg-ubuntu--lv 81G
[0;31m--------------------------------------------[0m
32:44:13 15 02 2021
   
		[0;32m Load average:[0m
0.00 0.05 0.06 19/306 785677
   
		[0;32m Memory:[0m
              total        used        free      shared  buff/cache   available
Mem:        4030600      333504     1031952        3708     2665144     3424192
Swap:       4030460           0     4030460
   
		[0;32m Free disk space: [0m
/dev/mapper/ubuntu--vg-ubuntu--lv 81G
[0;31m--------------------------------------------[0m
02:45:13 15 02 2021
   
		[0;32m Load average:[0m
0.00 0.05 0.06 13/302 785746
   
		[0;32m Memory:[0m
              total        used        free      shared  buff/cache   available
Mem:        4030600      334028     1031252        3708     2665320     3423612
Swap:       4030460           0     4030460
   
		[0;32m Free disk space: [0m
/dev/mapper/ubuntu--vg-ubuntu--lv 81G
[0;31m--------------------------------------------[0m
32:45:13 15 02 2021
   
		[0;32m Load average:[0m
0.00 0.04 0.06 15/303 785805
   
		[0;32m Memory:[0m
              total        used        free      shared  buff/cache   available
Mem:        4030600      333304     1031952        3708     2665344     3424360
Swap:       4030460           0     4030460
   
		[0;32m Free disk space: [0m
/dev/mapper/ubuntu--vg-ubuntu--lv 81G
[0;31m--------------------------------------------[0m
02:46:13 15 02 2021
   
		[0;32m Load average:[0m
0.00 0.03 0.05 16/303 785868
   
		[0;32m Memory:[0m
              total        used        free      shared  buff/cache   available
Mem:        4030600      333560     1031628        3708     2665412     3424080
Swap:       4030460           0     4030460
   
		[0;32m Free disk space: [0m
/dev/mapper/ubuntu--vg-ubuntu--lv 81G
[0;31m--------------------------------------------[0m
32:46:13 15 02 2021
   
		[0;32m Load average:[0m
0.00 0.03 0.05 11/300 785925
   
		[0;32m Memory:[0m
              total        used        free      shared  buff/cache   available
Mem:        4030600      332240     1032912        3708     2665448     3425388
Swap:       4030460           0     4030460
   
		[0;32m Free disk space: [0m
/dev/mapper/ubuntu--vg-ubuntu--lv 81G
[0;31m--------------------------------------------[0m
02:47:13 15 02 2021
   
		[0;32m Load average:[0m
0.00 0.03 0.05 9/296 785979
   
		[0;32m Memory:[0m
              total        used        free      shared  buff/cache   available
Mem:        4030600      331128     1033928        3708     2665544     3426488
Swap:       4030460           0     4030460
   
		[0;32m Free disk space: [0m
/dev/mapper/ubuntu--vg-ubuntu--lv 81G
[0;31m--------------------------------------------[0m
32:47:13 15 02 2021
   
		[0;32m Load average:[0m
0.00 0.02 0.04 16/302 786049
   
		[0;32m Memory:[0m
              total        used        free      shared  buff/cache   available
Mem:        4030600      332332     1032540        3708     2665728     3425260
Swap:       4030460           0     4030460
   
		[0;32m Free disk space: [0m
/dev/mapper/ubuntu--vg-ubuntu--lv 81G
[0;31m--------------------------------------------[0m
02:48:13 15 02 2021
   
		[0;32m Load average:[0m
0.00 0.02 0.04 16/301 786112
   
		[0;32m Memory:[0m
              total        used        free      shared  buff/cache   available
Mem:        4030600      333052     1031768        3708     2665780     3424520
Swap:       4030460           0     4030460
   
		[0;32m Free disk space: [0m
/dev/mapper/ubuntu--vg-ubuntu--lv 81G
[0;31m--------------------------------------------[0m
32:48:13 15 02 2021
   
		[0;32m Load average:[0m
0.00 0.02 0.04 5/290 786159
   
		[0;32m Memory:[0m
              total        used        free      shared  buff/cache   available
Mem:        4030600      331896     1032760        3708     2665944     3425668
Swap:       4030460           0     4030460
   
		[0;32m Free disk space: [0m
/dev/mapper/ubuntu--vg-ubuntu--lv 81G
[0;31m--------------------------------------------[0m
02:49:13 15 02 2021
   
		[0;32m Load average:[0m
0.00 0.01 0.04 17/301 786227
   
		[0;32m Memory:[0m
              total        used        free      shared  buff/cache   available
Mem:        4030600      333796     1030624        3708     2666180     3423700
Swap:       4030460           0     4030460
   
		[0;32m Free disk space: [0m
/dev/mapper/ubuntu--vg-ubuntu--lv 81G
[0;31m--------------------------------------------[0m
32:49:13 15 02 2021
   
		[0;32m Load average:[0m
0.00 0.01 0.03 16/301 786291
   
		[0;32m Memory:[0m
              total        used        free      shared  buff/cache   available
Mem:        4030600      333228     1030900        3708     2666472     3424292
Swap:       4030460           0     4030460
   
		[0;32m Free disk space: [0m
/dev/mapper/ubuntu--vg-ubuntu--lv 81G
[0;31m--------------------------------------------[0m
02:50:13 15 02 2021
   
		[0;32m Load average:[0m
0.00 0.01 0.03 11/295 786364
   
		[0;32m Memory:[0m
              total        used        free      shared  buff/cache   available
Mem:        4030600      327980     1035956        3708     2666664     3429540
Swap:       4030460           0     4030460
   
		[0;32m Free disk space: [0m
/dev/mapper/ubuntu--vg-ubuntu--lv 81G
[0;31m--------------------------------------------[0m
42:50:13 15 02 2021
   
		[0;32m Load average:[0m
0.00 0.00 0.03 17/301 786434
   
		[0;32m Memory:[0m
              total        used        free      shared  buff/cache   available
Mem:        4030600      327712     1036160        3708     2666728     3429776
Swap:       4030460           0     4030460
   
		[0;32m Free disk space: [0m
/dev/mapper/ubuntu--vg-ubuntu--lv 81G
[0;31m--------------------------------------------[0m
12:51:13 15 02 2021
   
		[0;32m Load average:[0m
0.00 0.00 0.02 18/304 786500
   
		[0;32m Memory:[0m
              total        used        free      shared  buff/cache   available
Mem:        4030600      329752     1034072        3708     2666776     3427724
Swap:       4030460           0     4030460
   
		[0;32m Free disk space: [0m
/dev/mapper/ubuntu--vg-ubuntu--lv 81G
[0;31m--------------------------------------------[0m
42:51:13 15 02 2021
   
		[0;32m Load average:[0m
0.00 0.00 0.02 15/302 786562
   
		[0;32m Memory:[0m
              total        used        free      shared  buff/cache   available
Mem:        4030600      329620     1034032        3708     2666948     3427824
Swap:       4030460           0     4030460
   
		[0;32m Free disk space: [0m
/dev/mapper/ubuntu--vg-ubuntu--lv 81G
[0;31m--------------------------------------------[0m
12:52:13 15 02 2021
   
		[0;32m Load average:[0m
0.00 0.00 0.02 17/302 786619
   
		[0;32m Memory:[0m
              total        used        free      shared  buff/cache   available
Mem:        4030600      329052     1034560        3708     2666988     3428384
Swap:       4030460           0     4030460
   
		[0;32m Free disk space: [0m
/dev/mapper/ubuntu--vg-ubuntu--lv 81G
[0;31m--------------------------------------------[0m
42:52:13 15 02 2021
   
		[0;32m Load average:[0m
0.00 0.00 0.01 13/302 786676
   
		[0;32m Memory:[0m
              total        used        free      shared  buff/cache   available
Mem:        4030600      330564     1033000        3708     2667036     3426852
Swap:       4030460           0     4030460
   
		[0;32m Free disk space: [0m
/dev/mapper/ubuntu--vg-ubuntu--lv 81G
[0;31m--------------------------------------------[0m
22:53:13 15 02 2021
   
		[0;32m Load average:[0m
0.00 0.00 0.01 9/296 786740
   
		[0;32m Memory:[0m
              total        used        free      shared  buff/cache   available
Mem:        4030600      328484     1035048        3708     2667068     3428928
Swap:       4030460           0     4030460
   
		[0;32m Free disk space: [0m
/dev/mapper/ubuntu--vg-ubuntu--lv 81G
[0;31m--------------------------------------------[0m
52:53:13 15 02 2021
   
		[0;32m Load average:[0m
0.00 0.00 0.01 14/302 786816
   
		[0;32m Memory:[0m
              total        used        free      shared  buff/cache   available
Mem:        4030600      329324     1034132        3708     2667144     3428060
Swap:       4030460           0     4030460
   
		[0;32m Free disk space: [0m
/dev/mapper/ubuntu--vg-ubuntu--lv 81G
[0;31m--------------------------------------------[0m
22:54:13 15 02 2021
   
		[0;32m Load average:[0m
0.00 0.00 0.00 17/303 786876
   
		[0;32m Memory:[0m
              total        used        free      shared  buff/cache   available
Mem:        4030600      332060     1031328        3708     2667212     3425308
Swap:       4030460           0     4030460
   
		[0;32m Free disk space: [0m
/dev/mapper/ubuntu--vg-ubuntu--lv 81G
[0;31m--------------------------------------------[0m
52:54:13 15 02 2021
   
		[0;32m Load average:[0m
0.00 0.00 0.00 13/297 786938
   
		[0;32m Memory:[0m
              total        used        free      shared  buff/cache   available
Mem:        4030600      329560     1033744        3708     2667296     3427784
Swap:       4030460           0     4030460
   
		[0;32m Free disk space: [0m
/dev/mapper/ubuntu--vg-ubuntu--lv 81G
[0;31m--------------------------------------------[0m
22:55:13 15 02 2021
   
		[0;32m Load average:[0m
0.00 0.00 0.00 12/297 787006
   
		[0;32m Memory:[0m
              total        used        free      shared  buff/cache   available
Mem:        4030600      328164     1035060        3708     2667376     3429168
Swap:       4030460           0     4030460
   
		[0;32m Free disk space: [0m
/dev/mapper/ubuntu--vg-ubuntu--lv 81G
[0;31m--------------------------------------------[0m
02:56:13 15 02 2021
   
		[0;32m Load average:[0m
0.00 0.00 0.00 16/300 787081
   
		[0;32m Memory:[0m
              total        used        free      shared  buff/cache   available
Mem:        4030600      329044     1033996        3708     2667560     3428268
Swap:       4030460           0     4030460
   
		[0;32m Free disk space: [0m
/dev/mapper/ubuntu--vg-ubuntu--lv 81G
[0;31m--------------------------------------------[0m
32:56:13 15 02 2021
   
		[0;32m Load average:[0m
0.00 0.00 0.00 15/300 787140
   
		[0;32m Memory:[0m
              total        used        free      shared  buff/cache   available
Mem:        4030600      328892     1033988        3708     2667720     3428420
Swap:       4030460           0     4030460
   
		[0;32m Free disk space: [0m
/dev/mapper/ubuntu--vg-ubuntu--lv 81G
[0;31m--------------------------------------------[0m
02:57:13 15 02 2021
   
		[0;32m Load average:[0m
0.00 0.00 0.00 15/300 787200
   
		[0;32m Memory:[0m
              total        used        free      shared  buff/cache   available
Mem:        4030600      329132     1033704        3708     2667764     3428168
Swap:       4030460           0     4030460
   
		[0;32m Free disk space: [0m
/dev/mapper/ubuntu--vg-ubuntu--lv 81G
[0;31m--------------------------------------------[0m
32:57:13 15 02 2021
   
		[0;32m Load average:[0m
0.00 0.00 0.00 14/298 787260
   
		[0;32m Memory:[0m
              total        used        free      shared  buff/cache   available
Mem:        4030600      328368     1034412        3708     2667820     3428912
Swap:       4030460           0     4030460
   
		[0;32m Free disk space: [0m
/dev/mapper/ubuntu--vg-ubuntu--lv 81G
[0;31m--------------------------------------------[0m
09:58:13 15 02 2021
   
		[0;32m Load average:[0m
0.00 0.00 0.00 13/301 787329
   
		[0;32m Memory:[0m
              total        used        free      shared  buff/cache   available
Mem:        4030600      333728     1029016        3708     2667856     3423552
Swap:       4030460           0     4030460
   
		[0;32m Free disk space: [0m
/dev/mapper/ubuntu--vg-ubuntu--lv 81G
[0;31m--------------------------------------------[0m
42:58:13 15 02 2021
   
		[0;32m Load average:[0m
0.00 0.00 0.00 10/295 787384
   
		[0;32m Memory:[0m
              total        used        free      shared  buff/cache   available
Mem:        4030600      331540     1031024        3708     2668036     3425704
Swap:       4030460           0     4030460
   
		[0;32m Free disk space: [0m
/dev/mapper/ubuntu--vg-ubuntu--lv 81G
[0;31m--------------------------------------------[0m
22:59:13 15 02 2021
   
		[0;32m Load average:[0m
0.00 0.00 0.00 16/302 787463
   
		[0;32m Memory:[0m
              total        used        free      shared  buff/cache   available
Mem:        4030600      333792     1028708        3708     2668100     3423444
Swap:       4030460           0     4030460
   
		[0;32m Free disk space: [0m
/dev/mapper/ubuntu--vg-ubuntu--lv 81G
[0;31m--------------------------------------------[0m
52:59:13 15 02 2021
   
		[0;32m Load average:[0m
0.00 0.00 0.00 18/301 787526
   
		[0;32m Memory:[0m
              total        used        free      shared  buff/cache   available
Mem:        4030600      332072     1030392        3708     2668136     3425148
Swap:       4030460           0     4030460
   
		[0;32m Free disk space: [0m
/dev/mapper/ubuntu--vg-ubuntu--lv 81G
[0;31m--------------------------------------------[0m
22:00:14 15 02 2021
   
		[0;32m Load average:[0m
0.00 0.00 0.00 12/298 787591
   
		[0;32m Memory:[0m
              total        used        free      shared  buff/cache   available
Mem:        4030600      332608     1029644        3708     2668348     3424540
Swap:       4030460           0     4030460
   
		[0;32m Free disk space: [0m
/dev/mapper/ubuntu--vg-ubuntu--lv 81G
[0;31m--------------------------------------------[0m
52:00:14 15 02 2021
   
		[0;32m Load average:[0m
0.00 0.00 0.00 15/301 787655
   
		[0;32m Memory:[0m
              total        used        free      shared  buff/cache   available
Mem:        4030600      333204     1029028        3708     2668368     3423976
Swap:       4030460           0     4030460
   
		[0;32m Free disk space: [0m
/dev/mapper/ubuntu--vg-ubuntu--lv 81G
[0;31m--------------------------------------------[0m
32:01:14 15 02 2021
   
		[0;32m Load average:[0m
0.06 0.01 0.00 15/300 787766
   
		[0;32m Memory:[0m
              total        used        free      shared  buff/cache   available
Mem:        4030600      329360     1031132        3708     2670108     3427764
Swap:       4030460           0     4030460
   
		[0;32m Free disk space: [0m
/dev/mapper/ubuntu--vg-ubuntu--lv 81G
[0;31m--------------------------------------------[0m
02:02:14 15 02 2021
   
		[0;32m Load average:[0m
0.03 0.01 0.00 11/297 787826
   
		[0;32m Memory:[0m
              total        used        free      shared  buff/cache   available
Mem:        4030600      328680     1031744        3708     2670176     3428428
Swap:       4030460           0     4030460
   
		[0;32m Free disk space: [0m
/dev/mapper/ubuntu--vg-ubuntu--lv 81G
[0;31m--------------------------------------------[0m
32:02:14 15 02 2021
   
		[0;32m Load average:[0m
0.02 0.01 0.00 18/303 787891
   
		[0;32m Memory:[0m
              total        used        free      shared  buff/cache   available
Mem:        4030600      328572     1031680        3708     2670348     3428512
Swap:       4030460           0     4030460
   
		[0;32m Free disk space: [0m
/dev/mapper/ubuntu--vg-ubuntu--lv 81G
[0;31m--------------------------------------------[0m
02:03:14 15 02 2021
   
		[0;32m Load average:[0m
0.01 0.01 0.00 18/306 788037
   
		[0;32m Memory:[0m
              total        used        free      shared  buff/cache   available
Mem:        4030600      335164     1025032        3708     2670404     3421904
Swap:       4030460           0     4030460
   
		[0;32m Free disk space: [0m
/dev/mapper/ubuntu--vg-ubuntu--lv 81G
[0;31m--------------------------------------------[0m
32:03:14 15 02 2021
   
		[0;32m Load average:[0m
0.00 0.00 0.00 18/304 788104
   
		[0;32m Memory:[0m
              total        used        free      shared  buff/cache   available
Mem:        4030600      329772     1030364        3708     2670464     3427292
Swap:       4030460           0     4030460
   
		[0;32m Free disk space: [0m
/dev/mapper/ubuntu--vg-ubuntu--lv 81G
[0;31m--------------------------------------------[0m
02:04:14 15 02 2021
   
		[0;32m Load average:[0m
0.00 0.00 0.00 15/300 788203
   
		[0;32m Memory:[0m
              total        used        free      shared  buff/cache   available
Mem:        4030600      332720     1027372        3712     2670508     3424328
Swap:       4030460           0     4030460
   
		[0;32m Free disk space: [0m
/dev/mapper/ubuntu--vg-ubuntu--lv 81G
[0;31m--------------------------------------------[0m
32:04:14 15 02 2021
   
		[0;32m Load average:[0m
0.00 0.00 0.00 18/303 788265
   
		[0;32m Memory:[0m
              total        used        free      shared  buff/cache   available
Mem:        4030600      333088     1026708        3708     2670804     3423900
Swap:       4030460           0     4030460
   
		[0;32m Free disk space: [0m
/dev/mapper/ubuntu--vg-ubuntu--lv 81G
[0;31m--------------------------------------------[0m
02:05:14 15 02 2021
   
		[0;32m Load average:[0m
0.00 0.00 0.00 10/299 788336
   
		[0;32m Memory:[0m
              total        used        free      shared  buff/cache   available
Mem:        4030600      332324     1027544        3708     2670732     3424704
Swap:       4030460           0     4030460
   
		[0;32m Free disk space: [0m
/dev/mapper/ubuntu--vg-ubuntu--lv 81G
[0;31m--------------------------------------------[0m
32:05:14 15 02 2021
   
		[0;32m Load average:[0m
0.00 0.00 0.00 12/299 788393
   
		[0;32m Memory:[0m
              total        used        free      shared  buff/cache   available
Mem:        4030600      332560     1027268        3708     2670772     3424456
Swap:       4030460           0     4030460
   
		[0;32m Free disk space: [0m
/dev/mapper/ubuntu--vg-ubuntu--lv 81G
[0;31m--------------------------------------------[0m
02:06:14 15 02 2021
   
		[0;32m Load average:[0m
0.00 0.00 0.00 17/303 788459
   
		[0;32m Memory:[0m
              total        used        free      shared  buff/cache   available
Mem:        4030600      333640     1026180        3708     2670780     3423380
Swap:       4030460           0     4030460
   
		[0;32m Free disk space: [0m
/dev/mapper/ubuntu--vg-ubuntu--lv 81G
[0;31m--------------------------------------------[0m
32:06:14 15 02 2021
   
		[0;32m Load average:[0m
0.00 0.00 0.00 11/298 788516
   
		[0;32m Memory:[0m
              total        used        free      shared  buff/cache   available
Mem:        4030600      332644     1027008        3708     2670948     3424356
Swap:       4030460           0     4030460
   
		[0;32m Free disk space: [0m
/dev/mapper/ubuntu--vg-ubuntu--lv 81G
[0;31m--------------------------------------------[0m
02:07:14 15 02 2021
   
		[0;32m Load average:[0m
0.00 0.00 0.00 14/301 788572
   
		[0;32m Memory:[0m
              total        used        free      shared  buff/cache   available
Mem:        4030600      332068     1027400        3708     2671132     3424908
Swap:       4030460           0     4030460
   
		[0;32m Free disk space: [0m
/dev/mapper/ubuntu--vg-ubuntu--lv 81G
[0;31m--------------------------------------------[0m
32:07:14 15 02 2021
   
		[0;32m Load average:[0m
0.00 0.00 0.00 15/302 788637
   
		[0;32m Memory:[0m
              total        used        free      shared  buff/cache   available
Mem:        4030600      329280     1030092        3708     2671228     3427664
Swap:       4030460           0     4030460
   
		[0;32m Free disk space: [0m
/dev/mapper/ubuntu--vg-ubuntu--lv 81G
[0;31m--------------------------------------------[0m
02:08:14 15 02 2021
   
		[0;32m Load average:[0m
0.00 0.00 0.00 16/302 788706
   
		[0;32m Memory:[0m
              total        used        free      shared  buff/cache   available
Mem:        4030600      329528     1029792        3708     2671280     3427412
Swap:       4030460           0     4030460
   
		[0;32m Free disk space: [0m
/dev/mapper/ubuntu--vg-ubuntu--lv 81G
[0;31m--------------------------------------------[0m
32:08:14 15 02 2021
   
		[0;32m Load average:[0m
0.00 0.00 0.00 11/297 788771
   
		[0;32m Memory:[0m
              total        used        free      shared  buff/cache   available
Mem:        4030600      328556     1030596        3708     2671448     3428372
Swap:       4030460           0     4030460
   
		[0;32m Free disk space: [0m
/dev/mapper/ubuntu--vg-ubuntu--lv 81G
[0;31m--------------------------------------------[0m
02:09:14 15 02 2021
   
		[0;32m Load average:[0m
0.00 0.00 0.00 7/290 788821
   
		[0;32m Memory:[0m
              total        used        free      shared  buff/cache   available
Mem:        4030600      327264     1031800        3708     2671536     3429628
Swap:       4030460           0     4030460
   
		[0;32m Free disk space: [0m
/dev/mapper/ubuntu--vg-ubuntu--lv 81G
[0;31m--------------------------------------------[0m
32:09:14 15 02 2021
   
		[0;32m Load average:[0m
0.00 0.00 0.00 18/303 788958
   
		[0;32m Memory:[0m
              total        used        free      shared  buff/cache   available
Mem:        4030600      328824     1030160        3708     2671616     3428032
Swap:       4030460           0     4030460
   
		[0;32m Free disk space: [0m
/dev/mapper/ubuntu--vg-ubuntu--lv 81G
[0;31m--------------------------------------------[0m
09:10:14 15 02 2021
   
		[0;32m Load average:[0m
0.00 0.00 0.00 15/302 789057
   
		[0;32m Memory:[0m
              total        used        free      shared  buff/cache   available
Mem:        4030600      329592     1029300        3708     2671708     3427224
Swap:       4030460           0     4030460
   
		[0;32m Free disk space: [0m
/dev/mapper/ubuntu--vg-ubuntu--lv 81G
[0;31m--------------------------------------------[0m
42:10:14 15 02 2021
   
		[0;32m Load average:[0m
0.00 0.00 0.00 14/300 789143
   
		[0;32m Memory:[0m
              total        used        free      shared  buff/cache   available
Mem:        4030600      330388     1028472        3708     2671740     3426416
Swap:       4030460           0     4030460
   
		[0;32m Free disk space: [0m
/dev/mapper/ubuntu--vg-ubuntu--lv 81G
[0;31m--------------------------------------------[0m
12:11:14 15 02 2021
   
		[0;32m Load average:[0m
0.00 0.00 0.00 12/298 789209
   
		[0;32m Memory:[0m
              total        used        free      shared  buff/cache   available
Mem:        4030600      328580     1030172        3708     2671848     3428208
Swap:       4030460           0     4030460
   
		[0;32m Free disk space: [0m
/dev/mapper/ubuntu--vg-ubuntu--lv 81G
[0;31m--------------------------------------------[0m
52:11:14 15 02 2021
   
		[0;32m Load average:[0m
0.00 0.00 0.00 8/296 789276
   
		[0;32m Memory:[0m
              total        used        free      shared  buff/cache   available
Mem:        4030600      328884     1029732        3708     2671984     3427912
Swap:       4030460           0     4030460
   
		[0;32m Free disk space: [0m
/dev/mapper/ubuntu--vg-ubuntu--lv 81G
[0;31m--------------------------------------------[0m
32:12:14 15 02 2021
   
		[0;32m Load average:[0m
0.00 0.00 0.00 15/302 789354
   
		[0;32m Memory:[0m
              total        used        free      shared  buff/cache   available
Mem:        4030600      330144     1028288        3708     2672168     3426624
Swap:       4030460           0     4030460
   
		[0;32m Free disk space: [0m
/dev/mapper/ubuntu--vg-ubuntu--lv 81G
[0;31m--------------------------------------------[0m
02:13:14 15 02 2021
   
		[0;32m Load average:[0m
0.00 0.00 0.00 5/293 789426
   
		[0;32m Memory:[0m
              total        used        free      shared  buff/cache   available
Mem:        4030600      327828     1030556        3708     2672216     3428924
Swap:       4030460           0     4030460
   
		[0;32m Free disk space: [0m
/dev/mapper/ubuntu--vg-ubuntu--lv 81G
[0;31m--------------------------------------------[0m
32:13:14 15 02 2021
   
		[0;32m Load average:[0m
0.00 0.00 0.00 15/302 789489
   
		[0;32m Memory:[0m
              total        used        free      shared  buff/cache   available
Mem:        4030600      329648     1028680        3708     2672272     3427080
Swap:       4030460           0     4030460
   
		[0;32m Free disk space: [0m
/dev/mapper/ubuntu--vg-ubuntu--lv 81G
[0;31m--------------------------------------------[0m
09:14:14 15 02 2021
   
		[0;32m Load average:[0m
0.00 0.00 0.00 12/296 789587
   
		[0;32m Memory:[0m
              total        used        free      shared  buff/cache   available
Mem:        4030600      328952     1029248        3708     2672400     3427784
Swap:       4030460           0     4030460
   
		[0;32m Free disk space: [0m
/dev/mapper/ubuntu--vg-ubuntu--lv 81G
[0;31m--------------------------------------------[0m
42:14:14 15 02 2021
   
		[0;32m Load average:[0m
0.00 0.00 0.00 12/298 789689
   
		[0;32m Memory:[0m
              total        used        free      shared  buff/cache   available
Mem:        4030600      333232     1024860        3708     2672508     3423468
Swap:       4030460           0     4030460
   
		[0;32m Free disk space: [0m
/dev/mapper/ubuntu--vg-ubuntu--lv 81G
[0;31m--------------------------------------------[0m
12:15:14 15 02 2021
   
		[0;32m Load average:[0m
0.00 0.00 0.00 15/301 789761
   
		[0;32m Memory:[0m
              total        used        free      shared  buff/cache   available
Mem:        4030600      331032     1027024        3708     2672544     3425648
Swap:       4030460           0     4030460
   
		[0;32m Free disk space: [0m
/dev/mapper/ubuntu--vg-ubuntu--lv 81G
[0;31m--------------------------------------------[0m
42:15:14 15 02 2021
   
		[0;32m Load average:[0m
0.00 0.00 0.00 16/302 789830
   
		[0;32m Memory:[0m
              total        used        free      shared  buff/cache   available
Mem:        4030600      329120     1028764        3708     2672716     3427540
Swap:       4030460           0     4030460
   
		[0;32m Free disk space: [0m
/dev/mapper/ubuntu--vg-ubuntu--lv 81G
[0;31m--------------------------------------------[0m
12:16:14 15 02 2021
   
		[0;32m Load average:[0m
0.00 0.00 0.00 10/297 789890
   
		[0;32m Memory:[0m
              total        used        free      shared  buff/cache   available
Mem:        4030600      330060     1027780        3708     2672760     3426580
Swap:       4030460           0     4030460
   
		[0;32m Free disk space: [0m
/dev/mapper/ubuntu--vg-ubuntu--lv 81G
[0;31m--------------------------------------------[0m
42:16:14 15 02 2021
   
		[0;32m Load average:[0m
0.00 0.00 0.00 15/301 789966
   
		[0;32m Memory:[0m
              total        used        free      shared  buff/cache   available
Mem:        4030600      330692     1027092        3708     2672816     3425936
Swap:       4030460           0     4030460
   
		[0;32m Free disk space: [0m
/dev/mapper/ubuntu--vg-ubuntu--lv 81G
[0;31m--------------------------------------------[0m
22:17:14 15 02 2021
   
		[0;32m Load average:[0m
0.00 0.00 0.00 14/299 790042
   
		[0;32m Memory:[0m
              total        used        free      shared  buff/cache   available
Mem:        4030600      329128     1028612        3708     2672860     3427480
Swap:       4030460           0     4030460
   
		[0;32m Free disk space: [0m
/dev/mapper/ubuntu--vg-ubuntu--lv 81G
[0;31m--------------------------------------------[0m
52:17:14 15 02 2021
   
		[0;32m Load average:[0m
0.00 0.00 0.00 11/296 790110
   
		[0;32m Memory:[0m
              total        used        free      shared  buff/cache   available
Mem:        4030600      329012     1028572        3708     2673016     3427596
Swap:       4030460           0     4030460
   
		[0;32m Free disk space: [0m
/dev/mapper/ubuntu--vg-ubuntu--lv 81G
[0;31m--------------------------------------------[0m
22:18:14 15 02 2021
   
		[0;32m Load average:[0m
0.00 0.00 0.00 14/300 790177
   
		[0;32m Memory:[0m
              total        used        free      shared  buff/cache   available
Mem:        4030600      329284     1028256        3708     2673060     3427304
Swap:       4030460           0     4030460
   
		[0;32m Free disk space: [0m
/dev/mapper/ubuntu--vg-ubuntu--lv 81G
[0;31m--------------------------------------------[0m
02:19:14 15 02 2021
   
		[0;32m Load average:[0m
0.00 0.00 0.00 10/300 790311
   
		[0;32m Memory:[0m
              total        used        free      shared  buff/cache   available
Mem:        4030600      334800     1022632        3708     2673168     3421764
Swap:       4030460           0     4030460
   
		[0;32m Free disk space: [0m
/dev/mapper/ubuntu--vg-ubuntu--lv 81G
[0;31m--------------------------------------------[0m
32:19:14 15 02 2021
   
		[0;32m Load average:[0m
0.00 0.00 0.00 20/308 790375
   
		[0;32m Memory:[0m
              total        used        free      shared  buff/cache   available
Mem:        4030600      335104     1022292        3708     2673204     3421444
Swap:       4030460           0     4030460
   
		[0;32m Free disk space: [0m
/dev/mapper/ubuntu--vg-ubuntu--lv 81G
[0;31m--------------------------------------------[0m
02:20:14 15 02 2021
   
		[0;32m Load average:[0m
0.00 0.00 0.00 9/296 790436
   
		[0;32m Memory:[0m
              total        used        free      shared  buff/cache   available
Mem:        4030600      333104     1024096        3708     2673400     3423412
Swap:       4030460           0     4030460
   
		[0;32m Free disk space: [0m
/dev/mapper/ubuntu--vg-ubuntu--lv 81G
[0;31m--------------------------------------------[0m
32:20:14 15 02 2021
   
		[0;32m Load average:[0m
0.00 0.00 0.00 13/299 790491
   
		[0;32m Memory:[0m
              total        used        free      shared  buff/cache   available
Mem:        4030600      332816     1024332        3708     2673452     3423684
Swap:       4030460           0     4030460
   
		[0;32m Free disk space: [0m
/dev/mapper/ubuntu--vg-ubuntu--lv 81G
[0;31m--------------------------------------------[0m
02:21:14 15 02 2021
   
		[0;32m Load average:[0m
0.00 0.00 0.00 16/301 790550
   
		[0;32m Memory:[0m
              total        used        free      shared  buff/cache   available
Mem:        4030600      333056     1024072        3708     2673472     3423436
Swap:       4030460           0     4030460
   
		[0;32m Free disk space: [0m
/dev/mapper/ubuntu--vg-ubuntu--lv 81G
[0;31m--------------------------------------------[0m
32:21:14 15 02 2021
   
		[0;32m Load average:[0m
0.00 0.00 0.00 14/302 790610
   
		[0;32m Memory:[0m
              total        used        free      shared  buff/cache   available
Mem:        4030600      333836     1023252        3708     2673512     3422644
Swap:       4030460           0     4030460
   
		[0;32m Free disk space: [0m
/dev/mapper/ubuntu--vg-ubuntu--lv 81G
[0;31m--------------------------------------------[0m
02:22:14 15 02 2021
   
		[0;32m Load average:[0m
0.00 0.00 0.00 14/301 790679
   
		[0;32m Memory:[0m
              total        used        free      shared  buff/cache   available
Mem:        4030600      330380     1026488        3708     2673732     3426076
Swap:       4030460           0     4030460
   
		[0;32m Free disk space: [0m
/dev/mapper/ubuntu--vg-ubuntu--lv 81G
[0;31m--------------------------------------------[0m
32:22:14 15 02 2021
   
		[0;32m Load average:[0m
0.00 0.00 0.00 16/302 790754
   
		[0;32m Memory:[0m
              total        used        free      shared  buff/cache   available
Mem:        4030600      328876     1028016        3708     2673708     3427592
Swap:       4030460           0     4030460
   
		[0;32m Free disk space: [0m
/dev/mapper/ubuntu--vg-ubuntu--lv 81G
[0;31m--------------------------------------------[0m
02:23:14 15 02 2021
   
		[0;32m Load average:[0m
0.00 0.00 0.00 10/296 790811
   
		[0;32m Memory:[0m
              total        used        free      shared  buff/cache   available
Mem:        4030600      328804     1028040        3708     2673756     3427644
Swap:       4030460           0     4030460
   
		[0;32m Free disk space: [0m
/dev/mapper/ubuntu--vg-ubuntu--lv 81G
[0;31m--------------------------------------------[0m
32:23:14 15 02 2021
   
		[0;32m Load average:[0m
0.00 0.00 0.00 11/297 790874
   
		[0;32m Memory:[0m
              total        used        free      shared  buff/cache   available
Mem:        4030600      333620     1023164        3708     2673816     3422816
Swap:       4030460           0     4030460
   
		[0;32m Free disk space: [0m
/dev/mapper/ubuntu--vg-ubuntu--lv 81G
[0;31m--------------------------------------------[0m
02:24:14 15 02 2021
   
		[0;32m Load average:[0m
0.00 0.00 0.00 12/299 790935
   
		[0;32m Memory:[0m
              total        used        free      shared  buff/cache   available
Mem:        4030600      334176     1022432        3708     2673992     3422236
Swap:       4030460           0     4030460
   
		[0;32m Free disk space: [0m
/dev/mapper/ubuntu--vg-ubuntu--lv 81G
[0;31m--------------------------------------------[0m
32:24:14 15 02 2021
   
		[0;32m Load average:[0m
0.00 0.00 0.00 11/298 790994
   
		[0;32m Memory:[0m
              total        used        free      shared  buff/cache   available
Mem:        4030600      333416     1023116        3708     2674068     3422960
Swap:       4030460           0     4030460
   
		[0;32m Free disk space: [0m
/dev/mapper/ubuntu--vg-ubuntu--lv 81G
[0;31m--------------------------------------------[0m
02:25:14 15 02 2021
   
		[0;32m Load average:[0m
0.00 0.00 0.00 9/299 791060
   
		[0;32m Memory:[0m
              total        used        free      shared  buff/cache   available
Mem:        4030600      335440     1021044        3708     2674116     3420944
Swap:       4030460           0     4030460
   
		[0;32m Free disk space: [0m
/dev/mapper/ubuntu--vg-ubuntu--lv 81G
[0;31m--------------------------------------------[0m
32:25:14 15 02 2021
   
		[0;32m Load average:[0m
0.00 0.00 0.00 16/302 791124
   
		[0;32m Memory:[0m
              total        used        free      shared  buff/cache   available
Mem:        4030600      333552     1022752        3708     2674296     3422816
Swap:       4030460           0     4030460
   
		[0;32m Free disk space: [0m
/dev/mapper/ubuntu--vg-ubuntu--lv 81G
[0;31m--------------------------------------------[0m
02:26:14 15 02 2021
   
		[0;32m Load average:[0m
0.00 0.00 0.00 10/295 791187
   
		[0;32m Memory:[0m
              total        used        free      shared  buff/cache   available
Mem:        4030600      333004     1023208        3708     2674388     3423336
Swap:       4030460           0     4030460
   
		[0;32m Free disk space: [0m
/dev/mapper/ubuntu--vg-ubuntu--lv 81G
[0;31m--------------------------------------------[0m
32:26:14 15 02 2021
   
		[0;32m Load average:[0m
0.00 0.00 0.00 4/292 791241
   
		[0;32m Memory:[0m
              total        used        free      shared  buff/cache   available
Mem:        4030600      331008     1025160        3708     2674432     3425328
Swap:       4030460           0     4030460
   
		[0;32m Free disk space: [0m
/dev/mapper/ubuntu--vg-ubuntu--lv 81G
[0;31m--------------------------------------------[0m
02:27:14 15 02 2021
   
		[0;32m Load average:[0m
0.00 0.00 0.00 13/299 791311
   
		[0;32m Memory:[0m
              total        used        free      shared  buff/cache   available
Mem:        4030600      333356     1022716        3708     2674528     3422944
Swap:       4030460           0     4030460
   
		[0;32m Free disk space: [0m
/dev/mapper/ubuntu--vg-ubuntu--lv 81G
[0;31m--------------------------------------------[0m
42:27:14 15 02 2021
   
		[0;32m Load average:[0m
0.00 0.00 0.00 7/295 791384
   
		[0;32m Memory:[0m
              total        used        free      shared  buff/cache   available
Mem:        4030600      333872     1022016        3708     2674712     3422436
Swap:       4030460           0     4030460
   
		[0;32m Free disk space: [0m
/dev/mapper/ubuntu--vg-ubuntu--lv 81G
[0;31m--------------------------------------------[0m
12:28:14 15 02 2021
   
		[0;32m Load average:[0m
0.00 0.00 0.00 17/301 791454
   
		[0;32m Memory:[0m
              total        used        free      shared  buff/cache   available
Mem:        4030600      329596     1026220        3708     2674784     3426680
Swap:       4030460           0     4030460
   
		[0;32m Free disk space: [0m
/dev/mapper/ubuntu--vg-ubuntu--lv 81G
[0;31m--------------------------------------------[0m
42:28:14 15 02 2021
   
		[0;32m Load average:[0m
0.00 0.00 0.00 15/303 791519
   
		[0;32m Memory:[0m
              total        used        free      shared  buff/cache   available
Mem:        4030600      334924     1020824        3708     2674852     3421344
Swap:       4030460           0     4030460
   
		[0;32m Free disk space: [0m
/dev/mapper/ubuntu--vg-ubuntu--lv 81G
[0;31m--------------------------------------------[0m
22:29:14 15 02 2021
   
		[0;32m Load average:[0m
0.00 0.00 0.00 11/298 791600
   
		[0;32m Memory:[0m
              total        used        free      shared  buff/cache   available
Mem:        4030600      329296     1026376        3708     2674928     3426948
Swap:       4030460           0     4030460
   
		[0;32m Free disk space: [0m
/dev/mapper/ubuntu--vg-ubuntu--lv 81G
[0;31m--------------------------------------------[0m
52:29:14 15 02 2021
   
		[0;32m Load average:[0m
0.00 0.00 0.00 14/301 791662
   
		[0;32m Memory:[0m
              total        used        free      shared  buff/cache   available
Mem:        4030600      329956     1025548        3708     2675096     3426260
Swap:       4030460           0     4030460
   
		[0;32m Free disk space: [0m
/dev/mapper/ubuntu--vg-ubuntu--lv 81G
[0;31m--------------------------------------------[0m
22:30:14 15 02 2021
   
		[0;32m Load average:[0m
0.00 0.00 0.00 20/305 791738
   
		[0;32m Memory:[0m
              total        used        free      shared  buff/cache   available
Mem:        4030600      330560     1024892        3708     2675148     3425652
Swap:       4030460           0     4030460
   
		[0;32m Free disk space: [0m
/dev/mapper/ubuntu--vg-ubuntu--lv 81G
[0;31m--------------------------------------------[0m
02:31:14 15 02 2021
   
		[0;32m Load average:[0m
0.00 0.00 0.00 18/303 791811
   
		[0;32m Memory:[0m
              total        used        free      shared  buff/cache   available
Mem:        4030600      334428     1020964        3708     2675208     3421768
Swap:       4030460           0     4030460
   
		[0;32m Free disk space: [0m
/dev/mapper/ubuntu--vg-ubuntu--lv 81G
[0;31m--------------------------------------------[0m
32:31:14 15 02 2021
   
		[0;32m Load average:[0m
0.00 0.00 0.00 15/300 791878
   
		[0;32m Memory:[0m
              total        used        free      shared  buff/cache   available
Mem:        4030600      331052     1024284        3708     2675264     3425124
Swap:       4030460           0     4030460
   
		[0;32m Free disk space: [0m
/dev/mapper/ubuntu--vg-ubuntu--lv 81G
[0;31m--------------------------------------------[0m
02:32:14 15 02 2021
   
		[0;32m Load average:[0m
0.00 0.00 0.00 15/298 791941
   
		[0;32m Memory:[0m
              total        used        free      shared  buff/cache   available
Mem:        4030600      330832     1024332        3708     2675436     3425324
Swap:       4030460           0     4030460
   
		[0;32m Free disk space: [0m
/dev/mapper/ubuntu--vg-ubuntu--lv 81G
[0;31m--------------------------------------------[0m
32:32:14 15 02 2021
   
		[0;32m Load average:[0m
0.00 0.00 0.00 12/300 792006
   
		[0;32m Memory:[0m
              total        used        free      shared  buff/cache   available
Mem:        4030600      330548     1024560        3708     2675492     3425592
Swap:       4030460           0     4030460
   
		[0;32m Free disk space: [0m
/dev/mapper/ubuntu--vg-ubuntu--lv 81G
[0;31m--------------------------------------------[0m
02:33:14 15 02 2021
   
		[0;32m Load average:[0m
0.00 0.00 0.00 15/302 792073
   
		[0;32m Memory:[0m
              total        used        free      shared  buff/cache   available
Mem:        4030600      331852     1023220        3708     2675528     3424276
Swap:       4030460           0     4030460
   
		[0;32m Free disk space: [0m
/dev/mapper/ubuntu--vg-ubuntu--lv 81G
[0;31m--------------------------------------------[0m
32:33:14 15 02 2021
   
		[0;32m Load average:[0m
0.00 0.00 0.00 12/299 792132
   
		[0;32m Memory:[0m
              total        used        free      shared  buff/cache   available
Mem:        4030600      330112     1024912        3708     2675576     3425996
Swap:       4030460           0     4030460
   
		[0;32m Free disk space: [0m
/dev/mapper/ubuntu--vg-ubuntu--lv 81G
[0;31m--------------------------------------------[0m
02:34:14 15 02 2021
   
		[0;32m Load average:[0m
0.00 0.00 0.00 11/299 792199
   
		[0;32m Memory:[0m
              total        used        free      shared  buff/cache   available
Mem:        4030600      331500     1023344        3708     2675756     3424592
Swap:       4030460           0     4030460
   
		[0;32m Free disk space: [0m
/dev/mapper/ubuntu--vg-ubuntu--lv 81G
[0;31m--------------------------------------------[0m
32:34:14 15 02 2021
   
		[0;32m Load average:[0m
0.00 0.00 0.00 20/305 792273
   
		[0;32m Memory:[0m
              total        used        free      shared  buff/cache   available
Mem:        4030600      332220     1022572        3708     2675808     3423848
Swap:       4030460           0     4030460
   
		[0;32m Free disk space: [0m
/dev/mapper/ubuntu--vg-ubuntu--lv 81G
[0;31m--------------------------------------------[0m
02:35:14 15 02 2021
   
		[0;32m Load average:[0m
0.00 0.00 0.00 15/301 792342
   
		[0;32m Memory:[0m
              total        used        free      shared  buff/cache   available
Mem:        4030600      330928     1023808        3708     2675864     3425124
Swap:       4030460           0     4030460
   
		[0;32m Free disk space: [0m
/dev/mapper/ubuntu--vg-ubuntu--lv 81G
[0;31m--------------------------------------------[0m
32:35:14 15 02 2021
   
		[0;32m Load average:[0m
0.00 0.00 0.00 14/300 792422
   
		[0;32m Memory:[0m
              total        used        free      shared  buff/cache   available
Mem:        4030600      330104     1024564        3708     2675932     3425928
Swap:       4030460           0     4030460
   
		[0;32m Free disk space: [0m
/dev/mapper/ubuntu--vg-ubuntu--lv 81G
[0;31m--------------------------------------------[0m
02:36:14 15 02 2021
   
		[0;32m Load average:[0m
0.00 0.00 0.00 20/308 792495
   
		[0;32m Memory:[0m
              total        used        free      shared  buff/cache   available
Mem:        4030600      334832     1019656        3708     2676112     3421188
Swap:       4030460           0     4030460
   
		[0;32m Free disk space: [0m
/dev/mapper/ubuntu--vg-ubuntu--lv 81G
[0;31m--------------------------------------------[0m
32:36:14 15 02 2021
   
		[0;32m Load average:[0m
0.00 0.00 0.00 11/299 792549
   
		[0;32m Memory:[0m
              total        used        free      shared  buff/cache   available
Mem:        4030600      333848     1020568        3708     2676184     3422144
Swap:       4030460           0     4030460
   
		[0;32m Free disk space: [0m
/dev/mapper/ubuntu--vg-ubuntu--lv 81G
[0;31m--------------------------------------------[0m
09:37:14 15 02 2021
   
		[0;32m Load average:[0m
0.00 0.00 0.00 9/299 792616
   
		[0;32m Memory:[0m
              total        used        free      shared  buff/cache   available
Mem:        4030600      334600     1019716        3708     2676284     3421348
Swap:       4030460           0     4030460
   
		[0;32m Free disk space: [0m
/dev/mapper/ubuntu--vg-ubuntu--lv 81G
[0;31m--------------------------------------------[0m
42:37:14 15 02 2021
   
		[0;32m Load average:[0m
0.00 0.00 0.00 13/301 792688
   
		[0;32m Memory:[0m
              total        used        free      shared  buff/cache   available
Mem:        4030600      331844     1022416        3708     2676340     3424108
Swap:       4030460           0     4030460
   
		[0;32m Free disk space: [0m
/dev/mapper/ubuntu--vg-ubuntu--lv 81G
[0;31m--------------------------------------------[0m
22:38:14 15 02 2021
   
		[0;32m Load average:[0m
0.00 0.00 0.00 13/302 792790
   
		[0;32m Memory:[0m
              total        used        free      shared  buff/cache   available
Mem:        4030600      335696     1018352        3708     2676552     3420244
Swap:       4030460           0     4030460
   
		[0;32m Free disk space: [0m
/dev/mapper/ubuntu--vg-ubuntu--lv 81G
[0;31m--------------------------------------------[0m
52:38:14 15 02 2021
   
		[0;32m Load average:[0m
0.00 0.00 0.00 10/298 792843
   
		[0;32m Memory:[0m
              total        used        free      shared  buff/cache   available
Mem:        4030600      334476     1019532        3708     2676592     3421452
Swap:       4030460           0     4030460
   
		[0;32m Free disk space: [0m
/dev/mapper/ubuntu--vg-ubuntu--lv 81G
[0;31m--------------------------------------------[0m
22:39:14 15 02 2021
   
		[0;32m Load average:[0m
0.00 0.00 0.00 15/304 793000
   
		[0;32m Memory:[0m
              total        used        free      shared  buff/cache   available
Mem:        4030600      338740     1015120        3708     2676740     3417116
Swap:       4030460           0     4030460
   
		[0;32m Free disk space: [0m
/dev/mapper/ubuntu--vg-ubuntu--lv 81G
[0;31m--------------------------------------------[0m
52:39:14 15 02 2021
   
		[0;32m Load average:[0m
0.00 0.00 0.00 16/303 793062
   
		[0;32m Memory:[0m
              total        used        free      shared  buff/cache   available
Mem:        4030600      339204     1014584        3708     2676812     3416644
Swap:       4030460           0     4030460
   
		[0;32m Free disk space: [0m
/dev/mapper/ubuntu--vg-ubuntu--lv 81G
[0;31m--------------------------------------------[0m
22:40:14 15 02 2021
   
		[0;32m Load average:[0m
0.00 0.00 0.00 8/298 793124
   
		[0;32m Memory:[0m
              total        used        free      shared  buff/cache   available
Mem:        4030600      338312     1015276        3708     2677012     3417524
Swap:       4030460           0     4030460
   
		[0;32m Free disk space: [0m
/dev/mapper/ubuntu--vg-ubuntu--lv 81G
[0;31m--------------------------------------------[0m
52:40:14 15 02 2021
   
		[0;32m Load average:[0m
0.00 0.00 0.00 15/303 793186
   
		[0;32m Memory:[0m
              total        used        free      shared  buff/cache   available
Mem:        4030600      340136     1013400        3708     2677064     3415676
Swap:       4030460           0     4030460
   
		[0;32m Free disk space: [0m
/dev/mapper/ubuntu--vg-ubuntu--lv 81G
[0;31m--------------------------------------------[0m
22:41:14 15 02 2021
   
		[0;32m Load average:[0m
0.00 0.00 0.00 16/303 793244
   
		[0;32m Memory:[0m
              total        used        free      shared  buff/cache   available
Mem:        4030600      339400     1014092        3708     2677108     3416408
